============================= test session starts ==============================
platform darwin -- Python 3.14.3, pytest-9.0.3, pluggy-1.6.0 -- /Users/giorgivashakidze/PycharmProjects/PythonProject2/.venv/bin/python
cachedir: .pytest_cache
metadata: {'Python': '3.14.3', 'Platform': 'macOS-26.4-arm64-arm-64bit-Mach-O', 'Packages': {'pytest': '9.0.3', 'pluggy': '1.6.0'}, 'Plugins': {'allure-pytest': '2.16.0', 'metadata': '3.1.1', 'html': '4.2.0', 'Faker': '40.18.0'}}
rootdir: /Users/giorgivashakidze/PycharmProjects/PythonProject2
configfile: pytest.ini
plugins: allure-pytest-2.16.0, metadata-3.1.1, html-4.2.0, Faker-40.18.0
collecting ... collected 10 items

tests/api/test_movies.py::TestMovies::test_get_movies 
-------------------------------- live log setup --------------------------------
2026-06-06 14:54:05 INFO 
======================================== REQUEST ========================================
2026-06-06 14:54:05 INFO [32mpytest tests/api/test_movies.py::TestMovies::test_get_movies (setup)[0m
curl -X POST 'https://auth.dev-cinescope.coconutqa.ru/login' \
-H 'User-Agent: python-requests/2.33.1' \
-H 'Accept-Encoding: gzip, deflate, zstd' \
-H 'Accept: */*' \
-H 'Connection: keep-alive' \
-H 'Content-Length: 53' \
-H 'Content-Type: application/json' \
-d '{"email": "api1@gmail.com", "password": "asdqwe123Q"}' 

2026-06-06 14:54:05 INFO 
======================================== RESPONSE ========================================
2026-06-06 14:54:05 INFO 	STATUS_CODE: [32m200[0m
	DATA:
{
    "user": {
        "id": "734964ec-4d6a-4789-839f-75797141e73e",
        "email": "api1@gmail.com",
        "fullName": "Жмышенко Валерий Альбертович",
        "roles": [
            "USER",
            "ADMIN",
            "SUPER_ADMIN"
        ]
    },
    "accessToken": "eyJhbGciOiJIUzI1NiIsInR5cCI6IkpXVCJ9.eyJpZCI6IjczNDk2NGVjLTRkNmEtNDc4OS04MzlmLTc1Nzk3MTQxZTczZSIsImVtYWlsIjoiYXBpMUBnbWFpbC5jb20iLCJyb2xlcyI6WyJVU0VSIiwiQURNSU4iLCJTVVBFUl9BRE1JTiJdLCJ2ZXJpZmllZCI6dHJ1ZSwiaWF0IjoxNzgwNzQzMjQ1LCJleHAiOjE3ODA3NDUwNDV9.qog6lqFhpacrqA6yoCHfrvtRVbUmBv8czcVLhNBqMsY",
    "refreshToken": "d7a8be5d-00c5-4511-b137-bf870823e843",
    "expiresIn": 1780745045947
}
2026-06-06 14:54:05 INFO ================================================================================

FAILED                                                                   [ 10%]
tests/api/test_movies.py::TestMovies::test_create_movie 
-------------------------------- live log setup --------------------------------
2026-06-06 14:54:06 INFO 
======================================== REQUEST ========================================
2026-06-06 14:54:06 INFO [32mpytest tests/api/test_movies.py::TestMovies::test_create_movie (setup)[0m
curl -X POST 'https://api.dev-cinescope.coconutqa.ru/movies' \
-H 'User-Agent: python-requests/2.33.1' \
-H 'Accept-Encoding: gzip, deflate, zstd' \
-H 'Accept: application/json' \
-H 'Connection: keep-alive' \
-H 'Content-Type: application/json' \
-H 'Authorization: Bearer eyJhbGciOiJIUzI1NiIsInR5cCI6IkpXVCJ9.eyJpZCI6IjczNDk2NGVjLTRkNmEtNDc4OS04MzlmLTc1Nzk3MTQxZTczZSIsImVtYWlsIjoiYXBpMUBnbWFpbC5jb20iLCJyb2xlcyI6WyJVU0VSIiwiQURNSU4iLCJTVVBFUl9BRE1JTiJdLCJ2ZXJpZmllZCI6dHJ1ZSwiaWF0IjoxNzgwNzQzMjQ1LCJleHAiOjE3ODA3NDUwNDV9.qog6lqFhpacrqA6yoCHfrvtRVbUmBv8czcVLhNBqMsY' \
-H 'Content-Length: 164' \
-d '{"name": "Test Movie nvtvrusq", "price": 922.08, "description": "Yourself take character listen size.", "location": "Port Wayne", "published": true, "genreId": "1"}' 

2026-06-06 14:54:06 INFO 
======================================== RESPONSE ========================================
2026-06-06 14:54:06 INFO 	STATUS_CODE: [31m400[0m
	DATA: [31m{
    "message": [
        "Поле location должно быть одним из: MSK, SPB",
        "Поле genreId должно быть больше 0",
        "Поле genreId должно быть целым числом",
        "Поле genreId должно быть числом"
    ],
    "error": "Bad Request",
    "statusCode": 400
}[0m
2026-06-06 14:54:06 INFO ================================================================================

ERROR                                                                    [ 20%]
tests/api/test_movies.py::TestMovies::test_delete_movie 
-------------------------------- live log call ---------------------------------
2026-06-06 14:54:06 INFO 
======================================== REQUEST ========================================
2026-06-06 14:54:06 INFO [32mpytest tests/api/test_movies.py::TestMovies::test_delete_movie[0m
curl -X POST 'https://api.dev-cinescope.coconutqa.ru/movies' \
-H 'User-Agent: python-requests/2.33.1' \
-H 'Accept-Encoding: gzip, deflate, zstd' \
-H 'Accept: application/json' \
-H 'Connection: keep-alive' \
-H 'Content-Type: application/json' \
-H 'Authorization: Bearer eyJhbGciOiJIUzI1NiIsInR5cCI6IkpXVCJ9.eyJpZCI6IjczNDk2NGVjLTRkNmEtNDc4OS04MzlmLTc1Nzk3MTQxZTczZSIsImVtYWlsIjoiYXBpMUBnbWFpbC5jb20iLCJyb2xlcyI6WyJVU0VSIiwiQURNSU4iLCJTVVBFUl9BRE1JTiJdLCJ2ZXJpZmllZCI6dHJ1ZSwiaWF0IjoxNzgwNzQzMjQ1LCJleHAiOjE3ODA3NDUwNDV9.qog6lqFhpacrqA6yoCHfrvtRVbUmBv8czcVLhNBqMsY' \
-H 'Content-Length: 144' \
-d '{"name": "Test Movie goqplvmc", "price": 727.27, "description": "Pull from admit.", "location": "New Steven", "published": true, "genreId": "1"}' 

2026-06-06 14:54:06 INFO 
======================================== RESPONSE ========================================
2026-06-06 14:54:06 INFO 	STATUS_CODE: [31m400[0m
	DATA: [31m{
    "message": [
        "Поле location должно быть одним из: MSK, SPB",
        "Поле genreId должно быть больше 0",
        "Поле genreId должно быть целым числом",
        "Поле genreId должно быть числом"
    ],
    "error": "Bad Request",
    "statusCode": 400
}[0m
2026-06-06 14:54:06 INFO ================================================================================

FAILED                                                                   [ 30%]
tests/api/test_movies.py::TestMovies::test_update_movie 
-------------------------------- live log setup --------------------------------
2026-06-06 14:54:07 INFO 
======================================== REQUEST ========================================
2026-06-06 14:54:07 INFO [32mpytest tests/api/test_movies.py::TestMovies::test_update_movie (setup)[0m
curl -X POST 'https://api.dev-cinescope.coconutqa.ru/movies' \
-H 'User-Agent: python-requests/2.33.1' \
-H 'Accept-Encoding: gzip, deflate, zstd' \
-H 'Accept: application/json' \
-H 'Connection: keep-alive' \
-H 'Content-Type: application/json' \
-H 'Authorization: Bearer eyJhbGciOiJIUzI1NiIsInR5cCI6IkpXVCJ9.eyJpZCI6IjczNDk2NGVjLTRkNmEtNDc4OS04MzlmLTc1Nzk3MTQxZTczZSIsImVtYWlsIjoiYXBpMUBnbWFpbC5jb20iLCJyb2xlcyI6WyJVU0VSIiwiQURNSU4iLCJTVVBFUl9BRE1JTiJdLCJ2ZXJpZmllZCI6dHJ1ZSwiaWF0IjoxNzgwNzQzMjQ1LCJleHAiOjE3ODA3NDUwNDV9.qog6lqFhpacrqA6yoCHfrvtRVbUmBv8czcVLhNBqMsY' \
-H 'Content-Length: 168' \
-d '{"name": "Test Movie phumoaee", "price": 343.85, "description": "Case main agency left town time water.", "location": "West Brandon", "published": true, "genreId": "1"}' 

2026-06-06 14:54:07 INFO 
======================================== RESPONSE ========================================
2026-06-06 14:54:07 INFO 	STATUS_CODE: [31m400[0m
	DATA: [31m{
    "message": [
        "Поле location должно быть одним из: MSK, SPB",
        "Поле genreId должно быть больше 0",
        "Поле genreId должно быть целым числом",
        "Поле genreId должно быть числом"
    ],
    "error": "Bad Request",
    "statusCode": 400
}[0m
2026-06-06 14:54:07 INFO ================================================================================

ERROR                                                                    [ 40%]
tests/api/test_movies.py::TestMovies::test_get_movies_with_filter[page=1] FAILED [ 50%]
tests/api/test_movies.py::TestMovies::test_get_movies_with_filter[pageSize=5] FAILED [ 60%]
tests/api/test_movies.py::TestMovies::test_get_movies_with_filter[pageSize=10] FAILED [ 70%]
tests/api/test_movies.py::TestMovies::test_get_movies_with_filter[published=true] FAILED [ 80%]
tests/api/test_movies.py::TestMovies::test_get_movies_with_filter[published=false] FAILED [ 90%]
tests/api/test_movies.py::TestMovies::test_create_movie_check_db 
-------------------------------- live log call ---------------------------------
2026-06-06 14:54:09 INFO 
======================================== REQUEST ========================================
2026-06-06 14:54:09 INFO [32mpytest tests/api/test_movies.py::TestMovies::test_create_movie_check_db[0m
curl -X POST 'https://api.dev-cinescope.coconutqa.ru/movies' \
-H 'User-Agent: python-requests/2.33.1' \
-H 'Accept-Encoding: gzip, deflate, zstd' \
-H 'Accept: application/json' \
-H 'Connection: keep-alive' \
-H 'Content-Type: application/json' \
-H 'Authorization: Bearer eyJhbGciOiJIUzI1NiIsInR5cCI6IkpXVCJ9.eyJpZCI6IjczNDk2NGVjLTRkNmEtNDc4OS04MzlmLTc1Nzk3MTQxZTczZSIsImVtYWlsIjoiYXBpMUBnbWFpbC5jb20iLCJyb2xlcyI6WyJVU0VSIiwiQURNSU4iLCJTVVBFUl9BRE1JTiJdLCJ2ZXJpZmllZCI6dHJ1ZSwiaWF0IjoxNzgwNzQzMjQ1LCJleHAiOjE3ODA3NDUwNDV9.qog6lqFhpacrqA6yoCHfrvtRVbUmBv8czcVLhNBqMsY' \
-H 'Content-Length: 159' \
-d '{"name": "Test Movie npcrbafm", "price": 259.41, "description": "Discover great writer that.", "location": "New Taylorfurt", "published": true, "genreId": "1"}' 

2026-06-06 14:54:09 INFO 
======================================== RESPONSE ========================================
2026-06-06 14:54:09 INFO 	STATUS_CODE: [31m400[0m
	DATA: [31m{
    "message": [
        "Поле location должно быть одним из: MSK, SPB",
        "Поле genreId должно быть больше 0",
        "Поле genreId должно быть целым числом",
        "Поле genreId должно быть числом"
    ],
    "error": "Bad Request",
    "statusCode": 400
}[0m
2026-06-06 14:54:09 INFO ================================================================================

FAILED                                                                   [100%]

==================================== ERRORS ====================================
________________ ERROR at setup of TestMovies.test_create_movie ________________

api_manager = <clients.api_manager.ApiManager object at 0x10e6fc6e0>

    @pytest.fixture
    def created_movie(api_manager):
        movie_data = DataGenerator.generate_movie_data()
>       response = api_manager.movies_api.create_movie(movie_data)
                   ^^^^^^^^^^^^^^^^^^^^^^^^^^^^^^^^^^^^^^^^^^^^^^^

conftest.py:28: 
_ _ _ _ _ _ _ _ _ _ _ _ _ _ _ _ _ _ _ _ _ _ _ _ _ _ _ _ _ _ _ _ _ _ _ _ _ _ _ _ 
clients/movies_api.py:14: in create_movie
    return self.send_request(
_ _ _ _ _ _ _ _ _ _ _ _ _ _ _ _ _ _ _ _ _ _ _ _ _ _ _ _ _ _ _ _ _ _ _ _ _ _ _ _ 

self = <clients.movies_api.MoviesAPI object at 0x10e6fd010>, method = 'POST'
endpoint = '/movies'
data = {'description': 'Yourself take character listen size.', 'genreId': '1', 'location': 'Port Wayne', 'name': 'Test Movie nvtvrusq', ...}
params = None, expected_status = 201, need_logging = True

    def send_request(
        self, method, endpoint, data=None,
        params=None, expected_status=200, need_logging=True
    ):
        url = f"{self.base_url}{endpoint}"
        response = self.session.request(method, url, json=data, params=params)
    
        if need_logging:
            self.log_request_and_response(response)
    
        if response.status_code != expected_status:
>           raise ValueError(
                f"Unexpected status code: {response.status_code}. "
                f"Expected: {expected_status}. "
                f"Response: {response.text}"
            )
E           ValueError: Unexpected status code: 400. Expected: 201. Response: {"message":["Поле location должно быть одним из: MSK, SPB","Поле genreId должно быть больше 0","Поле genreId должно быть целым числом","Поле genreId должно быть числом"],"error":"Bad Request","statusCode":400}

clients/custom_requester.py:30: ValueError
------------------------------ Captured log setup ------------------------------
2026-06-06 14:54:06 INFO 
======================================== REQUEST ========================================
2026-06-06 14:54:06 INFO [32mpytest tests/api/test_movies.py::TestMovies::test_create_movie (setup)[0m
curl -X POST 'https://api.dev-cinescope.coconutqa.ru/movies' \
-H 'User-Agent: python-requests/2.33.1' \
-H 'Accept-Encoding: gzip, deflate, zstd' \
-H 'Accept: application/json' \
-H 'Connection: keep-alive' \
-H 'Content-Type: application/json' \
-H 'Authorization: Bearer eyJhbGciOiJIUzI1NiIsInR5cCI6IkpXVCJ9.eyJpZCI6IjczNDk2NGVjLTRkNmEtNDc4OS04MzlmLTc1Nzk3MTQxZTczZSIsImVtYWlsIjoiYXBpMUBnbWFpbC5jb20iLCJyb2xlcyI6WyJVU0VSIiwiQURNSU4iLCJTVVBFUl9BRE1JTiJdLCJ2ZXJpZmllZCI6dHJ1ZSwiaWF0IjoxNzgwNzQzMjQ1LCJleHAiOjE3ODA3NDUwNDV9.qog6lqFhpacrqA6yoCHfrvtRVbUmBv8czcVLhNBqMsY' \
-H 'Content-Length: 164' \
-d '{"name": "Test Movie nvtvrusq", "price": 922.08, "description": "Yourself take character listen size.", "location": "Port Wayne", "published": true, "genreId": "1"}' 

2026-06-06 14:54:06 INFO 
======================================== RESPONSE ========================================
2026-06-06 14:54:06 INFO 	STATUS_CODE: [31m400[0m
	DATA: [31m{
    "message": [
        "Поле location должно быть одним из: MSK, SPB",
        "Поле genreId должно быть больше 0",
        "Поле genreId должно быть целым числом",
        "Поле genreId должно быть числом"
    ],
    "error": "Bad Request",
    "statusCode": 400
}[0m
2026-06-06 14:54:06 INFO ================================================================================
________________ ERROR at setup of TestMovies.test_update_movie ________________

api_manager = <clients.api_manager.ApiManager object at 0x10e6fc6e0>

    @pytest.fixture
    def created_movie(api_manager):
        movie_data = DataGenerator.generate_movie_data()
>       response = api_manager.movies_api.create_movie(movie_data)
                   ^^^^^^^^^^^^^^^^^^^^^^^^^^^^^^^^^^^^^^^^^^^^^^^

conftest.py:28: 
_ _ _ _ _ _ _ _ _ _ _ _ _ _ _ _ _ _ _ _ _ _ _ _ _ _ _ _ _ _ _ _ _ _ _ _ _ _ _ _ 
clients/movies_api.py:14: in create_movie
    return self.send_request(
_ _ _ _ _ _ _ _ _ _ _ _ _ _ _ _ _ _ _ _ _ _ _ _ _ _ _ _ _ _ _ _ _ _ _ _ _ _ _ _ 

self = <clients.movies_api.MoviesAPI object at 0x10e6fd010>, method = 'POST'
endpoint = '/movies'
data = {'description': 'Case main agency left town time water.', 'genreId': '1', 'location': 'West Brandon', 'name': 'Test Movie phumoaee', ...}
params = None, expected_status = 201, need_logging = True

    def send_request(
        self, method, endpoint, data=None,
        params=None, expected_status=200, need_logging=True
    ):
        url = f"{self.base_url}{endpoint}"
        response = self.session.request(method, url, json=data, params=params)
    
        if need_logging:
            self.log_request_and_response(response)
    
        if response.status_code != expected_status:
>           raise ValueError(
                f"Unexpected status code: {response.status_code}. "
                f"Expected: {expected_status}. "
                f"Response: {response.text}"
            )
E           ValueError: Unexpected status code: 400. Expected: 201. Response: {"message":["Поле location должно быть одним из: MSK, SPB","Поле genreId должно быть больше 0","Поле genreId должно быть целым числом","Поле genreId должно быть числом"],"error":"Bad Request","statusCode":400}

clients/custom_requester.py:30: ValueError
------------------------------ Captured log setup ------------------------------
2026-06-06 14:54:07 INFO 
======================================== REQUEST ========================================
2026-06-06 14:54:07 INFO [32mpytest tests/api/test_movies.py::TestMovies::test_update_movie (setup)[0m
curl -X POST 'https://api.dev-cinescope.coconutqa.ru/movies' \
-H 'User-Agent: python-requests/2.33.1' \
-H 'Accept-Encoding: gzip, deflate, zstd' \
-H 'Accept: application/json' \
-H 'Connection: keep-alive' \
-H 'Content-Type: application/json' \
-H 'Authorization: Bearer eyJhbGciOiJIUzI1NiIsInR5cCI6IkpXVCJ9.eyJpZCI6IjczNDk2NGVjLTRkNmEtNDc4OS04MzlmLTc1Nzk3MTQxZTczZSIsImVtYWlsIjoiYXBpMUBnbWFpbC5jb20iLCJyb2xlcyI6WyJVU0VSIiwiQURNSU4iLCJTVVBFUl9BRE1JTiJdLCJ2ZXJpZmllZCI6dHJ1ZSwiaWF0IjoxNzgwNzQzMjQ1LCJleHAiOjE3ODA3NDUwNDV9.qog6lqFhpacrqA6yoCHfrvtRVbUmBv8czcVLhNBqMsY' \
-H 'Content-Length: 168' \
-d '{"name": "Test Movie phumoaee", "price": 343.85, "description": "Case main agency left town time water.", "location": "West Brandon", "published": true, "genreId": "1"}' 

2026-06-06 14:54:07 INFO 
======================================== RESPONSE ========================================
2026-06-06 14:54:07 INFO 	STATUS_CODE: [31m400[0m
	DATA: [31m{
    "message": [
        "Поле location должно быть одним из: MSK, SPB",
        "Поле genreId должно быть больше 0",
        "Поле genreId должно быть целым числом",
        "Поле genreId должно быть числом"
    ],
    "error": "Bad Request",
    "statusCode": 400
}[0m
2026-06-06 14:54:07 INFO ================================================================================
=================================== FAILURES ===================================
__________________________ TestMovies.test_get_movies __________________________

self = <HTTPSConnection(host='api.dev-cinescope.coconutqa.rumovies', port=443) at 0x10ec21450>

    def _new_conn(self) -> socket.socket:
        """Establish a socket connection and set nodelay settings on it.
    
        :return: New socket connection.
        """
        try:
>           sock = connection.create_connection(
                (self._dns_host, self.port),
                self.timeout,
                source_address=self.source_address,
                socket_options=self.socket_options,
            )

.venv/lib/python3.14/site-packages/urllib3/connection.py:204: 
_ _ _ _ _ _ _ _ _ _ _ _ _ _ _ _ _ _ _ _ _ _ _ _ _ _ _ _ _ _ _ _ _ _ _ _ _ _ _ _ 
.venv/lib/python3.14/site-packages/urllib3/util/connection.py:60: in create_connection
    for res in socket.getaddrinfo(host, port, family, socket.SOCK_STREAM):
               ^^^^^^^^^^^^^^^^^^^^^^^^^^^^^^^^^^^^^^^^^^^^^^^^^^^^^^^^^^
_ _ _ _ _ _ _ _ _ _ _ _ _ _ _ _ _ _ _ _ _ _ _ _ _ _ _ _ _ _ _ _ _ _ _ _ _ _ _ _ 

host = 'api.dev-cinescope.coconutqa.rumovies', port = 443
family = <AddressFamily.AF_UNSPEC: 0>, type = <SocketKind.SOCK_STREAM: 1>
proto = 0, flags = 0

    def getaddrinfo(host, port, family=0, type=0, proto=0, flags=0):
        """Resolve host and port into list of address info entries.
    
        Translate the host/port argument into a sequence of 5-tuples that contain
        all the necessary arguments for creating a socket connected to that service.
        host is a domain name, a string representation of an IPv4/v6 address or
        None. port is a string service name such as 'http', a numeric port number or
        None. By passing None as the value of host and port, you can pass NULL to
        the underlying C API.
    
        The family, type and proto arguments can be optionally specified in order to
        narrow the list of addresses returned. Passing zero as a value for each of
        these arguments selects the full range of results.
        """
        # We override this function since we want to translate the numeric family
        # and socket type values to enum constants.
        addrlist = []
>       for res in _socket.getaddrinfo(host, port, family, type, proto, flags):
                   ^^^^^^^^^^^^^^^^^^^^^^^^^^^^^^^^^^^^^^^^^^^^^^^^^^^^^^^^^^^
E       socket.gaierror: [Errno 8] nodename nor servname provided, or not known

/Library/Frameworks/Python.framework/Versions/3.14/lib/python3.14/socket.py:983: gaierror

The above exception was the direct cause of the following exception:

self = <urllib3.connectionpool.HTTPSConnectionPool object at 0x10ec211d0>
method = 'GET', url = '/', body = None
headers = {'User-Agent': 'python-requests/2.33.1', 'Accept-Encoding': 'gzip, deflate, zstd', 'Accept': 'application/json', 'Conn...JTiJdLCJ2ZXJpZmllZCI6dHJ1ZSwiaWF0IjoxNzgwNzQzMjQ1LCJleHAiOjE3ODA3NDUwNDV9.qog6lqFhpacrqA6yoCHfrvtRVbUmBv8czcVLhNBqMsY'}
retries = Retry(total=0, connect=None, read=False, redirect=None, status=None)
redirect = False, assert_same_host = False
timeout = Timeout(connect=None, read=None, total=None), pool_timeout = None
release_conn = False, chunked = False, body_pos = None, preload_content = False
decode_content = False, response_kw = {}
parsed_url = Url(scheme=None, auth=None, host=None, port=None, path='/', query=None, fragment=None)
destination_scheme = None, conn = None, release_this_conn = True
http_tunnel_required = False, err = None, clean_exit = False

    def urlopen(  # type: ignore[override]
        self,
        method: str,
        url: str,
        body: _TYPE_BODY | None = None,
        headers: typing.Mapping[str, str] | None = None,
        retries: Retry | bool | int | None = None,
        redirect: bool = True,
        assert_same_host: bool = True,
        timeout: _TYPE_TIMEOUT = _DEFAULT_TIMEOUT,
        pool_timeout: int | None = None,
        release_conn: bool | None = None,
        chunked: bool = False,
        body_pos: _TYPE_BODY_POSITION | None = None,
        preload_content: bool = True,
        decode_content: bool = True,
        **response_kw: typing.Any,
    ) -> BaseHTTPResponse:
        """
        Get a connection from the pool and perform an HTTP request. This is the
        lowest level call for making a request, so you'll need to specify all
        the raw details.
    
        .. note::
    
           More commonly, it's appropriate to use a convenience method
           such as :meth:`request`.
    
        .. note::
    
           `release_conn` will only behave as expected if
           `preload_content=False` because we want to make
           `preload_content=False` the default behaviour someday soon without
           breaking backwards compatibility.
    
        :param method:
            HTTP request method (such as GET, POST, PUT, etc.)
    
        :param url:
            The URL to perform the request on.
    
        :param body:
            Data to send in the request body, either :class:`str`, :class:`bytes`,
            an iterable of :class:`str`/:class:`bytes`, or a file-like object.
    
        :param headers:
            Dictionary of custom headers to send, such as User-Agent,
            If-None-Match, etc. If None, pool headers are used. If provided,
            these headers completely replace any pool-specific headers.
    
        :param retries:
            Configure the number of retries to allow before raising a
            :class:`~urllib3.exceptions.MaxRetryError` exception.
    
            If ``None`` (default) will retry 3 times, see ``Retry.DEFAULT``. Pass a
            :class:`~urllib3.util.retry.Retry` object for fine-grained control
            over different types of retries.
            Pass an integer number to retry connection errors that many times,
            but no other types of errors. Pass zero to never retry.
    
            If ``False``, then retries are disabled and any exception is raised
            immediately. Also, instead of raising a MaxRetryError on redirects,
            the redirect response will be returned.
    
        :type retries: :class:`~urllib3.util.retry.Retry`, False, or an int.
    
        :param redirect:
            If True, automatically handle redirects (status codes 301, 302,
            303, 307, 308). Each redirect counts as a retry. Disabling retries
            will disable redirect, too.
    
        :param assert_same_host:
            If ``True``, will make sure that the host of the pool requests is
            consistent else will raise HostChangedError. When ``False``, you can
            use the pool on an HTTP proxy and request foreign hosts.
    
        :param timeout:
            If specified, overrides the default timeout for this one
            request. It may be a float (in seconds) or an instance of
            :class:`urllib3.util.Timeout`.
    
        :param pool_timeout:
            If set and the pool is set to block=True, then this method will
            block for ``pool_timeout`` seconds and raise EmptyPoolError if no
            connection is available within the time period.
    
        :param bool preload_content:
            If True, the response's body will be preloaded into memory.
    
        :param bool decode_content:
            If True, will attempt to decode the body based on the
            'content-encoding' header.
    
        :param release_conn:
            If False, then the urlopen call will not release the connection
            back into the pool once a response is received (but will release if
            you read the entire contents of the response such as when
            `preload_content=True`). This is useful if you're not preloading
            the response's content immediately. You will need to call
            ``r.release_conn()`` on the response ``r`` to return the connection
            back into the pool. If None, it takes the value of ``preload_content``
            which defaults to ``True``.
    
        :param bool chunked:
            If True, urllib3 will send the body using chunked transfer
            encoding. Otherwise, urllib3 will send the body using the standard
            content-length form. Defaults to False.
    
        :param int body_pos:
            Position to seek to in file-like body in the event of a retry or
            redirect. Typically this won't need to be set because urllib3 will
            auto-populate the value when needed.
        """
        parsed_url = parse_url(url)
        destination_scheme = parsed_url.scheme
    
        if headers is None:
            headers = self.headers
    
        if not isinstance(retries, Retry):
            retries = Retry.from_int(retries, redirect=redirect, default=self.retries)
    
        if release_conn is None:
            release_conn = preload_content
    
        # Check host
        if assert_same_host and not self.is_same_host(url):
            raise HostChangedError(self, url, retries)
    
        # Ensure that the URL we're connecting to is properly encoded
        if url.startswith("/"):
            url = to_str(_encode_target(url))
        else:
            url = to_str(parsed_url.url)
    
        conn = None
    
        # Track whether `conn` needs to be released before
        # returning/raising/recursing. Update this variable if necessary, and
        # leave `release_conn` constant throughout the function. That way, if
        # the function recurses, the original value of `release_conn` will be
        # passed down into the recursive call, and its value will be respected.
        #
        # See issue #651 [1] for details.
        #
        # [1] <https://github.com/urllib3/urllib3/issues/651>
        release_this_conn = release_conn
    
        http_tunnel_required = connection_requires_http_tunnel(
            self.proxy, self.proxy_config, destination_scheme
        )
    
        # Merge the proxy headers. Only done when not using HTTP CONNECT. We
        # have to copy the headers dict so we can safely change it without those
        # changes being reflected in anyone else's copy.
        if not http_tunnel_required:
            headers = headers.copy()  # type: ignore[attr-defined]
            headers.update(self.proxy_headers)  # type: ignore[union-attr]
    
        # Must keep the exception bound to a separate variable or else Python 3
        # complains about UnboundLocalError.
        err = None
    
        # Keep track of whether we cleanly exited the except block. This
        # ensures we do proper cleanup in finally.
        clean_exit = False
    
        # Rewind body position, if needed. Record current position
        # for future rewinds in the event of a redirect/retry.
        body_pos = set_file_position(body, body_pos)
    
        try:
            # Request a connection from the queue.
            timeout_obj = self._get_timeout(timeout)
            conn = self._get_conn(timeout=pool_timeout)
    
            conn.timeout = timeout_obj.connect_timeout  # type: ignore[assignment]
    
            # Is this a closed/new connection that requires CONNECT tunnelling?
            if self.proxy is not None and http_tunnel_required and conn.is_closed:
                try:
                    self._prepare_proxy(conn)
                except (BaseSSLError, OSError, SocketTimeout) as e:
                    self._raise_timeout(
                        err=e, url=self.proxy.url, timeout_value=conn.timeout
                    )
                    raise
    
            # If we're going to release the connection in ``finally:``, then
            # the response doesn't need to know about the connection. Otherwise
            # it will also try to release it and we'll have a double-release
            # mess.
            response_conn = conn if not release_conn else None
    
            # Make the request on the HTTPConnection object
>           response = self._make_request(
                conn,
                method,
                url,
                timeout=timeout_obj,
                body=body,
                headers=headers,
                chunked=chunked,
                retries=retries,
                response_conn=response_conn,
                preload_content=preload_content,
                decode_content=decode_content,
                **response_kw,
            )

.venv/lib/python3.14/site-packages/urllib3/connectionpool.py:787: 
_ _ _ _ _ _ _ _ _ _ _ _ _ _ _ _ _ _ _ _ _ _ _ _ _ _ _ _ _ _ _ _ _ _ _ _ _ _ _ _ 
.venv/lib/python3.14/site-packages/urllib3/connectionpool.py:488: in _make_request
    raise new_e
.venv/lib/python3.14/site-packages/urllib3/connectionpool.py:464: in _make_request
    self._validate_conn(conn)
.venv/lib/python3.14/site-packages/urllib3/connectionpool.py:1093: in _validate_conn
    conn.connect()
.venv/lib/python3.14/site-packages/urllib3/connection.py:759: in connect
    self.sock = sock = self._new_conn()
                       ^^^^^^^^^^^^^^^^
_ _ _ _ _ _ _ _ _ _ _ _ _ _ _ _ _ _ _ _ _ _ _ _ _ _ _ _ _ _ _ _ _ _ _ _ _ _ _ _ 

self = <HTTPSConnection(host='api.dev-cinescope.coconutqa.rumovies', port=443) at 0x10ec21450>

    def _new_conn(self) -> socket.socket:
        """Establish a socket connection and set nodelay settings on it.
    
        :return: New socket connection.
        """
        try:
            sock = connection.create_connection(
                (self._dns_host, self.port),
                self.timeout,
                source_address=self.source_address,
                socket_options=self.socket_options,
            )
        except socket.gaierror as e:
>           raise NameResolutionError(self.host, self, e) from e
E           urllib3.exceptions.NameResolutionError: HTTPSConnection(host='api.dev-cinescope.coconutqa.rumovies', port=443): Failed to resolve 'api.dev-cinescope.coconutqa.rumovies' ([Errno 8] nodename nor servname provided, or not known)

.venv/lib/python3.14/site-packages/urllib3/connection.py:211: NameResolutionError

The above exception was the direct cause of the following exception:

self = <requests.adapters.HTTPAdapter object at 0x10e6fcd70>
request = <PreparedRequest [GET]>, stream = False
timeout = Timeout(connect=None, read=None, total=None), verify = True
cert = None, proxies = OrderedDict()

    def send(
        self, request, stream=False, timeout=None, verify=True, cert=None, proxies=None
    ):
        """Sends PreparedRequest object. Returns Response object.
    
        :param request: The :class:`PreparedRequest <PreparedRequest>` being sent.
        :param stream: (optional) Whether to stream the request content.
        :param timeout: (optional) How long to wait for the server to send
            data before giving up, as a float, or a :ref:`(connect timeout,
            read timeout) <timeouts>` tuple.
        :type timeout: float or tuple or urllib3 Timeout object
        :param verify: (optional) Either a boolean, in which case it controls whether
            we verify the server's TLS certificate, or a string, in which case it
            must be a path to a CA bundle to use
        :param cert: (optional) Any user-provided SSL certificate to be trusted.
        :param proxies: (optional) The proxies dictionary to apply to the request.
        :rtype: requests.Response
        """
    
        try:
            conn = self.get_connection_with_tls_context(
                request, verify, proxies=proxies, cert=cert
            )
        except LocationValueError as e:
            raise InvalidURL(e, request=request)
    
        self.cert_verify(conn, request.url, verify, cert)
        url = self.request_url(request, proxies)
        self.add_headers(
            request,
            stream=stream,
            timeout=timeout,
            verify=verify,
            cert=cert,
            proxies=proxies,
        )
    
        chunked = not (request.body is None or "Content-Length" in request.headers)
    
        if isinstance(timeout, tuple):
            try:
                connect, read = timeout
                timeout = TimeoutSauce(connect=connect, read=read)
            except ValueError:
                raise ValueError(
                    f"Invalid timeout {timeout}. Pass a (connect, read) timeout tuple, "
                    f"or a single float to set both timeouts to the same value."
                )
        elif isinstance(timeout, TimeoutSauce):
            pass
        else:
            timeout = TimeoutSauce(connect=timeout, read=timeout)
    
        try:
>           resp = conn.urlopen(
                method=request.method,
                url=url,
                body=request.body,
                headers=request.headers,
                redirect=False,
                assert_same_host=False,
                preload_content=False,
                decode_content=False,
                retries=self.max_retries,
                timeout=timeout,
                chunked=chunked,
            )

.venv/lib/python3.14/site-packages/requests/adapters.py:645: 
_ _ _ _ _ _ _ _ _ _ _ _ _ _ _ _ _ _ _ _ _ _ _ _ _ _ _ _ _ _ _ _ _ _ _ _ _ _ _ _ 
.venv/lib/python3.14/site-packages/urllib3/connectionpool.py:841: in urlopen
    retries = retries.increment(
_ _ _ _ _ _ _ _ _ _ _ _ _ _ _ _ _ _ _ _ _ _ _ _ _ _ _ _ _ _ _ _ _ _ _ _ _ _ _ _ 

self = Retry(total=0, connect=None, read=False, redirect=None, status=None)
method = 'GET', url = '/', response = None
error = NameResolutionError("HTTPSConnection(host='api.dev-cinescope.coconutqa.rumovies', port=443): Failed to resolve 'api.dev-cinescope.coconutqa.rumovies' ([Errno 8] nodename nor servname provided, or not known)")
_pool = <urllib3.connectionpool.HTTPSConnectionPool object at 0x10ec211d0>
_stacktrace = <traceback object at 0x10ec2a8c0>

    def increment(
        self,
        method: str | None = None,
        url: str | None = None,
        response: BaseHTTPResponse | None = None,
        error: Exception | None = None,
        _pool: ConnectionPool | None = None,
        _stacktrace: TracebackType | None = None,
    ) -> Self:
        """Return a new Retry object with incremented retry counters.
    
        :param response: A response object, or None, if the server did not
            return a response.
        :type response: :class:`~urllib3.response.BaseHTTPResponse`
        :param Exception error: An error encountered during the request, or
            None if the response was received successfully.
    
        :return: A new ``Retry`` object.
        """
        if self.total is False and error:
            # Disabled, indicate to re-raise the error.
            raise reraise(type(error), error, _stacktrace)
    
        total = self.total
        if total is not None:
            total -= 1
    
        connect = self.connect
        read = self.read
        redirect = self.redirect
        status_count = self.status
        other = self.other
        cause = "unknown"
        status = None
        redirect_location = None
    
        if error and self._is_connection_error(error):
            # Connect retry?
            if connect is False:
                raise reraise(type(error), error, _stacktrace)
            elif connect is not None:
                connect -= 1
    
        elif error and self._is_read_error(error):
            # Read retry?
            if read is False or method is None or not self._is_method_retryable(method):
                raise reraise(type(error), error, _stacktrace)
            elif read is not None:
                read -= 1
    
        elif error:
            # Other retry?
            if other is not None:
                other -= 1
    
        elif response and response.get_redirect_location():
            # Redirect retry?
            if redirect is not None:
                redirect -= 1
            cause = "too many redirects"
            response_redirect_location = response.get_redirect_location()
            if response_redirect_location:
                redirect_location = response_redirect_location
            status = response.status
    
        else:
            # Incrementing because of a server error like a 500 in
            # status_forcelist and the given method is in the allowed_methods
            cause = ResponseError.GENERIC_ERROR
            if response and response.status:
                if status_count is not None:
                    status_count -= 1
                cause = ResponseError.SPECIFIC_ERROR.format(status_code=response.status)
                status = response.status
    
        history = self.history + (
            RequestHistory(method, url, error, status, redirect_location),
        )
    
        new_retry = self.new(
            total=total,
            connect=connect,
            read=read,
            redirect=redirect,
            status=status_count,
            other=other,
            history=history,
        )
    
        if new_retry.is_exhausted():
            reason = error or ResponseError(cause)
>           raise MaxRetryError(_pool, url, reason) from reason  # type: ignore[arg-type]
            ^^^^^^^^^^^^^^^^^^^^^^^^^^^^^^^^^^^^^^^^^^^^^^^^^^^
E           urllib3.exceptions.MaxRetryError: HTTPSConnectionPool(host='api.dev-cinescope.coconutqa.rumovies', port=443): Max retries exceeded with url: / (Caused by NameResolutionError("HTTPSConnection(host='api.dev-cinescope.coconutqa.rumovies', port=443): Failed to resolve 'api.dev-cinescope.coconutqa.rumovies' ([Errno 8] nodename nor servname provided, or not known)"))

.venv/lib/python3.14/site-packages/urllib3/util/retry.py:535: MaxRetryError

During handling of the above exception, another exception occurred:

self = <tests.api.test_movies.TestMovies object at 0x10e6dccd0>
api_manager = <clients.api_manager.ApiManager object at 0x10e6fc6e0>

    @allure.title("GET /movies — получение списка с полной валидацией схемы")
    @allure.severity(allure.severity_level.CRITICAL)
    @pytest.mark.smoke
    def test_get_movies(self, api_manager):
        with allure.step("Отправить GET /movies"):
>           response = api_manager.movies_api.get_movies()
                       ^^^^^^^^^^^^^^^^^^^^^^^^^^^^^^^^^^^

tests/api/test_movies.py:20: 
_ _ _ _ _ _ _ _ _ _ _ _ _ _ _ _ _ _ _ _ _ _ _ _ _ _ _ _ _ _ _ _ _ _ _ _ _ _ _ _ 
clients/movies_api.py:11: in get_movies
    return self.send_request("GET", "movies", params=params)
           ^^^^^^^^^^^^^^^^^^^^^^^^^^^^^^^^^^^^^^^^^^^^^^^^^
clients/custom_requester.py:24: in send_request
    response = self.session.request(method, url, json=data, params=params)
               ^^^^^^^^^^^^^^^^^^^^^^^^^^^^^^^^^^^^^^^^^^^^^^^^^^^^^^^^^^^
.venv/lib/python3.14/site-packages/requests/sessions.py:592: in request
    resp = self.send(prep, **send_kwargs)
           ^^^^^^^^^^^^^^^^^^^^^^^^^^^^^^
.venv/lib/python3.14/site-packages/requests/sessions.py:706: in send
    r = adapter.send(request, **kwargs)
        ^^^^^^^^^^^^^^^^^^^^^^^^^^^^^^^
_ _ _ _ _ _ _ _ _ _ _ _ _ _ _ _ _ _ _ _ _ _ _ _ _ _ _ _ _ _ _ _ _ _ _ _ _ _ _ _ 

self = <requests.adapters.HTTPAdapter object at 0x10e6fcd70>
request = <PreparedRequest [GET]>, stream = False
timeout = Timeout(connect=None, read=None, total=None), verify = True
cert = None, proxies = OrderedDict()

    def send(
        self, request, stream=False, timeout=None, verify=True, cert=None, proxies=None
    ):
        """Sends PreparedRequest object. Returns Response object.
    
        :param request: The :class:`PreparedRequest <PreparedRequest>` being sent.
        :param stream: (optional) Whether to stream the request content.
        :param timeout: (optional) How long to wait for the server to send
            data before giving up, as a float, or a :ref:`(connect timeout,
            read timeout) <timeouts>` tuple.
        :type timeout: float or tuple or urllib3 Timeout object
        :param verify: (optional) Either a boolean, in which case it controls whether
            we verify the server's TLS certificate, or a string, in which case it
            must be a path to a CA bundle to use
        :param cert: (optional) Any user-provided SSL certificate to be trusted.
        :param proxies: (optional) The proxies dictionary to apply to the request.
        :rtype: requests.Response
        """
    
        try:
            conn = self.get_connection_with_tls_context(
                request, verify, proxies=proxies, cert=cert
            )
        except LocationValueError as e:
            raise InvalidURL(e, request=request)
    
        self.cert_verify(conn, request.url, verify, cert)
        url = self.request_url(request, proxies)
        self.add_headers(
            request,
            stream=stream,
            timeout=timeout,
            verify=verify,
            cert=cert,
            proxies=proxies,
        )
    
        chunked = not (request.body is None or "Content-Length" in request.headers)
    
        if isinstance(timeout, tuple):
            try:
                connect, read = timeout
                timeout = TimeoutSauce(connect=connect, read=read)
            except ValueError:
                raise ValueError(
                    f"Invalid timeout {timeout}. Pass a (connect, read) timeout tuple, "
                    f"or a single float to set both timeouts to the same value."
                )
        elif isinstance(timeout, TimeoutSauce):
            pass
        else:
            timeout = TimeoutSauce(connect=timeout, read=timeout)
    
        try:
            resp = conn.urlopen(
                method=request.method,
                url=url,
                body=request.body,
                headers=request.headers,
                redirect=False,
                assert_same_host=False,
                preload_content=False,
                decode_content=False,
                retries=self.max_retries,
                timeout=timeout,
                chunked=chunked,
            )
    
        except (ProtocolError, OSError) as err:
            raise ConnectionError(err, request=request)
    
        except MaxRetryError as e:
            if isinstance(e.reason, ConnectTimeoutError):
                # TODO: Remove this in 3.0.0: see #2811
                if not isinstance(e.reason, NewConnectionError):
                    raise ConnectTimeout(e, request=request)
    
            if isinstance(e.reason, ResponseError):
                raise RetryError(e, request=request)
    
            if isinstance(e.reason, _ProxyError):
                raise ProxyError(e, request=request)
    
            if isinstance(e.reason, _SSLError):
                # This branch is for urllib3 v1.22 and later.
                raise SSLError(e, request=request)
    
>           raise ConnectionError(e, request=request)
E           requests.exceptions.ConnectionError: HTTPSConnectionPool(host='api.dev-cinescope.coconutqa.rumovies', port=443): Max retries exceeded with url: / (Caused by NameResolutionError("HTTPSConnection(host='api.dev-cinescope.coconutqa.rumovies', port=443): Failed to resolve 'api.dev-cinescope.coconutqa.rumovies' ([Errno 8] nodename nor servname provided, or not known)"))

.venv/lib/python3.14/site-packages/requests/adapters.py:678: ConnectionError
------------------------------ Captured log setup ------------------------------
2026-06-06 14:54:05 INFO 
======================================== REQUEST ========================================
2026-06-06 14:54:05 INFO [32mpytest tests/api/test_movies.py::TestMovies::test_get_movies (setup)[0m
curl -X POST 'https://auth.dev-cinescope.coconutqa.ru/login' \
-H 'User-Agent: python-requests/2.33.1' \
-H 'Accept-Encoding: gzip, deflate, zstd' \
-H 'Accept: */*' \
-H 'Connection: keep-alive' \
-H 'Content-Length: 53' \
-H 'Content-Type: application/json' \
-d '{"email": "api1@gmail.com", "password": "asdqwe123Q"}' 

2026-06-06 14:54:05 INFO 
======================================== RESPONSE ========================================
2026-06-06 14:54:05 INFO 	STATUS_CODE: [32m200[0m
	DATA:
{
    "user": {
        "id": "734964ec-4d6a-4789-839f-75797141e73e",
        "email": "api1@gmail.com",
        "fullName": "Жмышенко Валерий Альбертович",
        "roles": [
            "USER",
            "ADMIN",
            "SUPER_ADMIN"
        ]
    },
    "accessToken": "eyJhbGciOiJIUzI1NiIsInR5cCI6IkpXVCJ9.eyJpZCI6IjczNDk2NGVjLTRkNmEtNDc4OS04MzlmLTc1Nzk3MTQxZTczZSIsImVtYWlsIjoiYXBpMUBnbWFpbC5jb20iLCJyb2xlcyI6WyJVU0VSIiwiQURNSU4iLCJTVVBFUl9BRE1JTiJdLCJ2ZXJpZmllZCI6dHJ1ZSwiaWF0IjoxNzgwNzQzMjQ1LCJleHAiOjE3ODA3NDUwNDV9.qog6lqFhpacrqA6yoCHfrvtRVbUmBv8czcVLhNBqMsY",
    "refreshToken": "d7a8be5d-00c5-4511-b137-bf870823e843",
    "expiresIn": 1780745045947
}
2026-06-06 14:54:05 INFO ================================================================================
_________________________ TestMovies.test_delete_movie _________________________

self = <tests.api.test_movies.TestMovies object at 0x10e688c30>
api_manager = <clients.api_manager.ApiManager object at 0x10e6fc6e0>

    @allure.title("DELETE /movies/{id} — удаление фильма")
    @allure.severity(allure.severity_level.NORMAL)
    @pytest.mark.regression
    def test_delete_movie(self, api_manager):
        with allure.step("Создать фильм"):
            movie_data = DataGenerator.generate_movie_data()
>           response = api_manager.movies_api.create_movie(movie_data)
                       ^^^^^^^^^^^^^^^^^^^^^^^^^^^^^^^^^^^^^^^^^^^^^^^

tests/api/test_movies.py:54: 
_ _ _ _ _ _ _ _ _ _ _ _ _ _ _ _ _ _ _ _ _ _ _ _ _ _ _ _ _ _ _ _ _ _ _ _ _ _ _ _ 
clients/movies_api.py:14: in create_movie
    return self.send_request(
_ _ _ _ _ _ _ _ _ _ _ _ _ _ _ _ _ _ _ _ _ _ _ _ _ _ _ _ _ _ _ _ _ _ _ _ _ _ _ _ 

self = <clients.movies_api.MoviesAPI object at 0x10e6fd010>, method = 'POST'
endpoint = '/movies'
data = {'description': 'Pull from admit.', 'genreId': '1', 'location': 'New Steven', 'name': 'Test Movie goqplvmc', ...}
params = None, expected_status = 201, need_logging = True

    def send_request(
        self, method, endpoint, data=None,
        params=None, expected_status=200, need_logging=True
    ):
        url = f"{self.base_url}{endpoint}"
        response = self.session.request(method, url, json=data, params=params)
    
        if need_logging:
            self.log_request_and_response(response)
    
        if response.status_code != expected_status:
>           raise ValueError(
                f"Unexpected status code: {response.status_code}. "
                f"Expected: {expected_status}. "
                f"Response: {response.text}"
            )
E           ValueError: Unexpected status code: 400. Expected: 201. Response: {"message":["Поле location должно быть одним из: MSK, SPB","Поле genreId должно быть больше 0","Поле genreId должно быть целым числом","Поле genreId должно быть числом"],"error":"Bad Request","statusCode":400}

clients/custom_requester.py:30: ValueError
------------------------------ Captured log call -------------------------------
2026-06-06 14:54:06 INFO 
======================================== REQUEST ========================================
2026-06-06 14:54:06 INFO [32mpytest tests/api/test_movies.py::TestMovies::test_delete_movie[0m
curl -X POST 'https://api.dev-cinescope.coconutqa.ru/movies' \
-H 'User-Agent: python-requests/2.33.1' \
-H 'Accept-Encoding: gzip, deflate, zstd' \
-H 'Accept: application/json' \
-H 'Connection: keep-alive' \
-H 'Content-Type: application/json' \
-H 'Authorization: Bearer eyJhbGciOiJIUzI1NiIsInR5cCI6IkpXVCJ9.eyJpZCI6IjczNDk2NGVjLTRkNmEtNDc4OS04MzlmLTc1Nzk3MTQxZTczZSIsImVtYWlsIjoiYXBpMUBnbWFpbC5jb20iLCJyb2xlcyI6WyJVU0VSIiwiQURNSU4iLCJTVVBFUl9BRE1JTiJdLCJ2ZXJpZmllZCI6dHJ1ZSwiaWF0IjoxNzgwNzQzMjQ1LCJleHAiOjE3ODA3NDUwNDV9.qog6lqFhpacrqA6yoCHfrvtRVbUmBv8czcVLhNBqMsY' \
-H 'Content-Length: 144' \
-d '{"name": "Test Movie goqplvmc", "price": 727.27, "description": "Pull from admit.", "location": "New Steven", "published": true, "genreId": "1"}' 

2026-06-06 14:54:06 INFO 
======================================== RESPONSE ========================================
2026-06-06 14:54:06 INFO 	STATUS_CODE: [31m400[0m
	DATA: [31m{
    "message": [
        "Поле location должно быть одним из: MSK, SPB",
        "Поле genreId должно быть больше 0",
        "Поле genreId должно быть целым числом",
        "Поле genreId должно быть числом"
    ],
    "error": "Bad Request",
    "statusCode": 400
}[0m
2026-06-06 14:54:06 INFO ================================================================================
________________ TestMovies.test_get_movies_with_filter[page=1] ________________

self = <HTTPSConnection(host='api.dev-cinescope.coconutqa.rumovies', port=443) at 0x10ec23b10>

    def _new_conn(self) -> socket.socket:
        """Establish a socket connection and set nodelay settings on it.
    
        :return: New socket connection.
        """
        try:
>           sock = connection.create_connection(
                (self._dns_host, self.port),
                self.timeout,
                source_address=self.source_address,
                socket_options=self.socket_options,
            )

.venv/lib/python3.14/site-packages/urllib3/connection.py:204: 
_ _ _ _ _ _ _ _ _ _ _ _ _ _ _ _ _ _ _ _ _ _ _ _ _ _ _ _ _ _ _ _ _ _ _ _ _ _ _ _ 
.venv/lib/python3.14/site-packages/urllib3/util/connection.py:60: in create_connection
    for res in socket.getaddrinfo(host, port, family, socket.SOCK_STREAM):
               ^^^^^^^^^^^^^^^^^^^^^^^^^^^^^^^^^^^^^^^^^^^^^^^^^^^^^^^^^^
_ _ _ _ _ _ _ _ _ _ _ _ _ _ _ _ _ _ _ _ _ _ _ _ _ _ _ _ _ _ _ _ _ _ _ _ _ _ _ _ 

host = 'api.dev-cinescope.coconutqa.rumovies', port = 443
family = <AddressFamily.AF_UNSPEC: 0>, type = <SocketKind.SOCK_STREAM: 1>
proto = 0, flags = 0

    def getaddrinfo(host, port, family=0, type=0, proto=0, flags=0):
        """Resolve host and port into list of address info entries.
    
        Translate the host/port argument into a sequence of 5-tuples that contain
        all the necessary arguments for creating a socket connected to that service.
        host is a domain name, a string representation of an IPv4/v6 address or
        None. port is a string service name such as 'http', a numeric port number or
        None. By passing None as the value of host and port, you can pass NULL to
        the underlying C API.
    
        The family, type and proto arguments can be optionally specified in order to
        narrow the list of addresses returned. Passing zero as a value for each of
        these arguments selects the full range of results.
        """
        # We override this function since we want to translate the numeric family
        # and socket type values to enum constants.
        addrlist = []
>       for res in _socket.getaddrinfo(host, port, family, type, proto, flags):
                   ^^^^^^^^^^^^^^^^^^^^^^^^^^^^^^^^^^^^^^^^^^^^^^^^^^^^^^^^^^^
E       socket.gaierror: [Errno 8] nodename nor servname provided, or not known

/Library/Frameworks/Python.framework/Versions/3.14/lib/python3.14/socket.py:983: gaierror

The above exception was the direct cause of the following exception:

self = <urllib3.connectionpool.HTTPSConnectionPool object at 0x10ec211d0>
method = 'GET', url = '/?page=1', body = None
headers = {'User-Agent': 'python-requests/2.33.1', 'Accept-Encoding': 'gzip, deflate, zstd', 'Accept': 'application/json', 'Conn...JTiJdLCJ2ZXJpZmllZCI6dHJ1ZSwiaWF0IjoxNzgwNzQzMjQ1LCJleHAiOjE3ODA3NDUwNDV9.qog6lqFhpacrqA6yoCHfrvtRVbUmBv8czcVLhNBqMsY'}
retries = Retry(total=0, connect=None, read=False, redirect=None, status=None)
redirect = False, assert_same_host = False
timeout = Timeout(connect=None, read=None, total=None), pool_timeout = None
release_conn = False, chunked = False, body_pos = None, preload_content = False
decode_content = False, response_kw = {}
parsed_url = Url(scheme=None, auth=None, host=None, port=None, path='/', query='page=1', fragment=None)
destination_scheme = None, conn = None, release_this_conn = True
http_tunnel_required = False, err = None, clean_exit = False

    def urlopen(  # type: ignore[override]
        self,
        method: str,
        url: str,
        body: _TYPE_BODY | None = None,
        headers: typing.Mapping[str, str] | None = None,
        retries: Retry | bool | int | None = None,
        redirect: bool = True,
        assert_same_host: bool = True,
        timeout: _TYPE_TIMEOUT = _DEFAULT_TIMEOUT,
        pool_timeout: int | None = None,
        release_conn: bool | None = None,
        chunked: bool = False,
        body_pos: _TYPE_BODY_POSITION | None = None,
        preload_content: bool = True,
        decode_content: bool = True,
        **response_kw: typing.Any,
    ) -> BaseHTTPResponse:
        """
        Get a connection from the pool and perform an HTTP request. This is the
        lowest level call for making a request, so you'll need to specify all
        the raw details.
    
        .. note::
    
           More commonly, it's appropriate to use a convenience method
           such as :meth:`request`.
    
        .. note::
    
           `release_conn` will only behave as expected if
           `preload_content=False` because we want to make
           `preload_content=False` the default behaviour someday soon without
           breaking backwards compatibility.
    
        :param method:
            HTTP request method (such as GET, POST, PUT, etc.)
    
        :param url:
            The URL to perform the request on.
    
        :param body:
            Data to send in the request body, either :class:`str`, :class:`bytes`,
            an iterable of :class:`str`/:class:`bytes`, or a file-like object.
    
        :param headers:
            Dictionary of custom headers to send, such as User-Agent,
            If-None-Match, etc. If None, pool headers are used. If provided,
            these headers completely replace any pool-specific headers.
    
        :param retries:
            Configure the number of retries to allow before raising a
            :class:`~urllib3.exceptions.MaxRetryError` exception.
    
            If ``None`` (default) will retry 3 times, see ``Retry.DEFAULT``. Pass a
            :class:`~urllib3.util.retry.Retry` object for fine-grained control
            over different types of retries.
            Pass an integer number to retry connection errors that many times,
            but no other types of errors. Pass zero to never retry.
    
            If ``False``, then retries are disabled and any exception is raised
            immediately. Also, instead of raising a MaxRetryError on redirects,
            the redirect response will be returned.
    
        :type retries: :class:`~urllib3.util.retry.Retry`, False, or an int.
    
        :param redirect:
            If True, automatically handle redirects (status codes 301, 302,
            303, 307, 308). Each redirect counts as a retry. Disabling retries
            will disable redirect, too.
    
        :param assert_same_host:
            If ``True``, will make sure that the host of the pool requests is
            consistent else will raise HostChangedError. When ``False``, you can
            use the pool on an HTTP proxy and request foreign hosts.
    
        :param timeout:
            If specified, overrides the default timeout for this one
            request. It may be a float (in seconds) or an instance of
            :class:`urllib3.util.Timeout`.
    
        :param pool_timeout:
            If set and the pool is set to block=True, then this method will
            block for ``pool_timeout`` seconds and raise EmptyPoolError if no
            connection is available within the time period.
    
        :param bool preload_content:
            If True, the response's body will be preloaded into memory.
    
        :param bool decode_content:
            If True, will attempt to decode the body based on the
            'content-encoding' header.
    
        :param release_conn:
            If False, then the urlopen call will not release the connection
            back into the pool once a response is received (but will release if
            you read the entire contents of the response such as when
            `preload_content=True`). This is useful if you're not preloading
            the response's content immediately. You will need to call
            ``r.release_conn()`` on the response ``r`` to return the connection
            back into the pool. If None, it takes the value of ``preload_content``
            which defaults to ``True``.
    
        :param bool chunked:
            If True, urllib3 will send the body using chunked transfer
            encoding. Otherwise, urllib3 will send the body using the standard
            content-length form. Defaults to False.
    
        :param int body_pos:
            Position to seek to in file-like body in the event of a retry or
            redirect. Typically this won't need to be set because urllib3 will
            auto-populate the value when needed.
        """
        parsed_url = parse_url(url)
        destination_scheme = parsed_url.scheme
    
        if headers is None:
            headers = self.headers
    
        if not isinstance(retries, Retry):
            retries = Retry.from_int(retries, redirect=redirect, default=self.retries)
    
        if release_conn is None:
            release_conn = preload_content
    
        # Check host
        if assert_same_host and not self.is_same_host(url):
            raise HostChangedError(self, url, retries)
    
        # Ensure that the URL we're connecting to is properly encoded
        if url.startswith("/"):
            url = to_str(_encode_target(url))
        else:
            url = to_str(parsed_url.url)
    
        conn = None
    
        # Track whether `conn` needs to be released before
        # returning/raising/recursing. Update this variable if necessary, and
        # leave `release_conn` constant throughout the function. That way, if
        # the function recurses, the original value of `release_conn` will be
        # passed down into the recursive call, and its value will be respected.
        #
        # See issue #651 [1] for details.
        #
        # [1] <https://github.com/urllib3/urllib3/issues/651>
        release_this_conn = release_conn
    
        http_tunnel_required = connection_requires_http_tunnel(
            self.proxy, self.proxy_config, destination_scheme
        )
    
        # Merge the proxy headers. Only done when not using HTTP CONNECT. We
        # have to copy the headers dict so we can safely change it without those
        # changes being reflected in anyone else's copy.
        if not http_tunnel_required:
            headers = headers.copy()  # type: ignore[attr-defined]
            headers.update(self.proxy_headers)  # type: ignore[union-attr]
    
        # Must keep the exception bound to a separate variable or else Python 3
        # complains about UnboundLocalError.
        err = None
    
        # Keep track of whether we cleanly exited the except block. This
        # ensures we do proper cleanup in finally.
        clean_exit = False
    
        # Rewind body position, if needed. Record current position
        # for future rewinds in the event of a redirect/retry.
        body_pos = set_file_position(body, body_pos)
    
        try:
            # Request a connection from the queue.
            timeout_obj = self._get_timeout(timeout)
            conn = self._get_conn(timeout=pool_timeout)
    
            conn.timeout = timeout_obj.connect_timeout  # type: ignore[assignment]
    
            # Is this a closed/new connection that requires CONNECT tunnelling?
            if self.proxy is not None and http_tunnel_required and conn.is_closed:
                try:
                    self._prepare_proxy(conn)
                except (BaseSSLError, OSError, SocketTimeout) as e:
                    self._raise_timeout(
                        err=e, url=self.proxy.url, timeout_value=conn.timeout
                    )
                    raise
    
            # If we're going to release the connection in ``finally:``, then
            # the response doesn't need to know about the connection. Otherwise
            # it will also try to release it and we'll have a double-release
            # mess.
            response_conn = conn if not release_conn else None
    
            # Make the request on the HTTPConnection object
>           response = self._make_request(
                conn,
                method,
                url,
                timeout=timeout_obj,
                body=body,
                headers=headers,
                chunked=chunked,
                retries=retries,
                response_conn=response_conn,
                preload_content=preload_content,
                decode_content=decode_content,
                **response_kw,
            )

.venv/lib/python3.14/site-packages/urllib3/connectionpool.py:787: 
_ _ _ _ _ _ _ _ _ _ _ _ _ _ _ _ _ _ _ _ _ _ _ _ _ _ _ _ _ _ _ _ _ _ _ _ _ _ _ _ 
.venv/lib/python3.14/site-packages/urllib3/connectionpool.py:488: in _make_request
    raise new_e
.venv/lib/python3.14/site-packages/urllib3/connectionpool.py:464: in _make_request
    self._validate_conn(conn)
.venv/lib/python3.14/site-packages/urllib3/connectionpool.py:1093: in _validate_conn
    conn.connect()
.venv/lib/python3.14/site-packages/urllib3/connection.py:759: in connect
    self.sock = sock = self._new_conn()
                       ^^^^^^^^^^^^^^^^
_ _ _ _ _ _ _ _ _ _ _ _ _ _ _ _ _ _ _ _ _ _ _ _ _ _ _ _ _ _ _ _ _ _ _ _ _ _ _ _ 

self = <HTTPSConnection(host='api.dev-cinescope.coconutqa.rumovies', port=443) at 0x10ec23b10>

    def _new_conn(self) -> socket.socket:
        """Establish a socket connection and set nodelay settings on it.
    
        :return: New socket connection.
        """
        try:
            sock = connection.create_connection(
                (self._dns_host, self.port),
                self.timeout,
                source_address=self.source_address,
                socket_options=self.socket_options,
            )
        except socket.gaierror as e:
>           raise NameResolutionError(self.host, self, e) from e
E           urllib3.exceptions.NameResolutionError: HTTPSConnection(host='api.dev-cinescope.coconutqa.rumovies', port=443): Failed to resolve 'api.dev-cinescope.coconutqa.rumovies' ([Errno 8] nodename nor servname provided, or not known)

.venv/lib/python3.14/site-packages/urllib3/connection.py:211: NameResolutionError

The above exception was the direct cause of the following exception:

self = <requests.adapters.HTTPAdapter object at 0x10e6fcd70>
request = <PreparedRequest [GET]>, stream = False
timeout = Timeout(connect=None, read=None, total=None), verify = True
cert = None, proxies = OrderedDict()

    def send(
        self, request, stream=False, timeout=None, verify=True, cert=None, proxies=None
    ):
        """Sends PreparedRequest object. Returns Response object.
    
        :param request: The :class:`PreparedRequest <PreparedRequest>` being sent.
        :param stream: (optional) Whether to stream the request content.
        :param timeout: (optional) How long to wait for the server to send
            data before giving up, as a float, or a :ref:`(connect timeout,
            read timeout) <timeouts>` tuple.
        :type timeout: float or tuple or urllib3 Timeout object
        :param verify: (optional) Either a boolean, in which case it controls whether
            we verify the server's TLS certificate, or a string, in which case it
            must be a path to a CA bundle to use
        :param cert: (optional) Any user-provided SSL certificate to be trusted.
        :param proxies: (optional) The proxies dictionary to apply to the request.
        :rtype: requests.Response
        """
    
        try:
            conn = self.get_connection_with_tls_context(
                request, verify, proxies=proxies, cert=cert
            )
        except LocationValueError as e:
            raise InvalidURL(e, request=request)
    
        self.cert_verify(conn, request.url, verify, cert)
        url = self.request_url(request, proxies)
        self.add_headers(
            request,
            stream=stream,
            timeout=timeout,
            verify=verify,
            cert=cert,
            proxies=proxies,
        )
    
        chunked = not (request.body is None or "Content-Length" in request.headers)
    
        if isinstance(timeout, tuple):
            try:
                connect, read = timeout
                timeout = TimeoutSauce(connect=connect, read=read)
            except ValueError:
                raise ValueError(
                    f"Invalid timeout {timeout}. Pass a (connect, read) timeout tuple, "
                    f"or a single float to set both timeouts to the same value."
                )
        elif isinstance(timeout, TimeoutSauce):
            pass
        else:
            timeout = TimeoutSauce(connect=timeout, read=timeout)
    
        try:
>           resp = conn.urlopen(
                method=request.method,
                url=url,
                body=request.body,
                headers=request.headers,
                redirect=False,
                assert_same_host=False,
                preload_content=False,
                decode_content=False,
                retries=self.max_retries,
                timeout=timeout,
                chunked=chunked,
            )

.venv/lib/python3.14/site-packages/requests/adapters.py:645: 
_ _ _ _ _ _ _ _ _ _ _ _ _ _ _ _ _ _ _ _ _ _ _ _ _ _ _ _ _ _ _ _ _ _ _ _ _ _ _ _ 
.venv/lib/python3.14/site-packages/urllib3/connectionpool.py:841: in urlopen
    retries = retries.increment(
_ _ _ _ _ _ _ _ _ _ _ _ _ _ _ _ _ _ _ _ _ _ _ _ _ _ _ _ _ _ _ _ _ _ _ _ _ _ _ _ 

self = Retry(total=0, connect=None, read=False, redirect=None, status=None)
method = 'GET', url = '/?page=1', response = None
error = NameResolutionError("HTTPSConnection(host='api.dev-cinescope.coconutqa.rumovies', port=443): Failed to resolve 'api.dev-cinescope.coconutqa.rumovies' ([Errno 8] nodename nor servname provided, or not known)")
_pool = <urllib3.connectionpool.HTTPSConnectionPool object at 0x10ec211d0>
_stacktrace = <traceback object at 0x10eed70c0>

    def increment(
        self,
        method: str | None = None,
        url: str | None = None,
        response: BaseHTTPResponse | None = None,
        error: Exception | None = None,
        _pool: ConnectionPool | None = None,
        _stacktrace: TracebackType | None = None,
    ) -> Self:
        """Return a new Retry object with incremented retry counters.
    
        :param response: A response object, or None, if the server did not
            return a response.
        :type response: :class:`~urllib3.response.BaseHTTPResponse`
        :param Exception error: An error encountered during the request, or
            None if the response was received successfully.
    
        :return: A new ``Retry`` object.
        """
        if self.total is False and error:
            # Disabled, indicate to re-raise the error.
            raise reraise(type(error), error, _stacktrace)
    
        total = self.total
        if total is not None:
            total -= 1
    
        connect = self.connect
        read = self.read
        redirect = self.redirect
        status_count = self.status
        other = self.other
        cause = "unknown"
        status = None
        redirect_location = None
    
        if error and self._is_connection_error(error):
            # Connect retry?
            if connect is False:
                raise reraise(type(error), error, _stacktrace)
            elif connect is not None:
                connect -= 1
    
        elif error and self._is_read_error(error):
            # Read retry?
            if read is False or method is None or not self._is_method_retryable(method):
                raise reraise(type(error), error, _stacktrace)
            elif read is not None:
                read -= 1
    
        elif error:
            # Other retry?
            if other is not None:
                other -= 1
    
        elif response and response.get_redirect_location():
            # Redirect retry?
            if redirect is not None:
                redirect -= 1
            cause = "too many redirects"
            response_redirect_location = response.get_redirect_location()
            if response_redirect_location:
                redirect_location = response_redirect_location
            status = response.status
    
        else:
            # Incrementing because of a server error like a 500 in
            # status_forcelist and the given method is in the allowed_methods
            cause = ResponseError.GENERIC_ERROR
            if response and response.status:
                if status_count is not None:
                    status_count -= 1
                cause = ResponseError.SPECIFIC_ERROR.format(status_code=response.status)
                status = response.status
    
        history = self.history + (
            RequestHistory(method, url, error, status, redirect_location),
        )
    
        new_retry = self.new(
            total=total,
            connect=connect,
            read=read,
            redirect=redirect,
            status=status_count,
            other=other,
            history=history,
        )
    
        if new_retry.is_exhausted():
            reason = error or ResponseError(cause)
>           raise MaxRetryError(_pool, url, reason) from reason  # type: ignore[arg-type]
            ^^^^^^^^^^^^^^^^^^^^^^^^^^^^^^^^^^^^^^^^^^^^^^^^^^^
E           urllib3.exceptions.MaxRetryError: HTTPSConnectionPool(host='api.dev-cinescope.coconutqa.rumovies', port=443): Max retries exceeded with url: /?page=1 (Caused by NameResolutionError("HTTPSConnection(host='api.dev-cinescope.coconutqa.rumovies', port=443): Failed to resolve 'api.dev-cinescope.coconutqa.rumovies' ([Errno 8] nodename nor servname provided, or not known)"))

.venv/lib/python3.14/site-packages/urllib3/util/retry.py:535: MaxRetryError

During handling of the above exception, another exception occurred:

self = <tests.api.test_movies.TestMovies object at 0x10e61b410>
api_manager = <clients.api_manager.ApiManager object at 0x10e6fc6e0>
param_name = 'page', param_value = 1

    @allure.title("GET /movies с фильтром {param_name}={param_value}")
    @allure.severity(allure.severity_level.NORMAL)
    @pytest.mark.regression
    @pytest.mark.parametrize("param_name,param_value", [
        ("page", 1),
        ("pageSize", 5),
        ("pageSize", 10),
        ("published", True),
        ("published", False),
    ], ids=[
        "page=1",
        "pageSize=5",
        "pageSize=10",
        "published=true",
        "published=false",
    ])
    def test_get_movies_with_filter(self, api_manager, param_name, param_value):
        with allure.step(f"Отправить GET /movies?{param_name}={param_value}"):
>           response = api_manager.movies_api.get_movies(
                params={param_name: param_value}
            )

tests/api/test_movies.py:105: 
_ _ _ _ _ _ _ _ _ _ _ _ _ _ _ _ _ _ _ _ _ _ _ _ _ _ _ _ _ _ _ _ _ _ _ _ _ _ _ _ 
clients/movies_api.py:11: in get_movies
    return self.send_request("GET", "movies", params=params)
           ^^^^^^^^^^^^^^^^^^^^^^^^^^^^^^^^^^^^^^^^^^^^^^^^^
clients/custom_requester.py:24: in send_request
    response = self.session.request(method, url, json=data, params=params)
               ^^^^^^^^^^^^^^^^^^^^^^^^^^^^^^^^^^^^^^^^^^^^^^^^^^^^^^^^^^^
.venv/lib/python3.14/site-packages/requests/sessions.py:592: in request
    resp = self.send(prep, **send_kwargs)
           ^^^^^^^^^^^^^^^^^^^^^^^^^^^^^^
.venv/lib/python3.14/site-packages/requests/sessions.py:706: in send
    r = adapter.send(request, **kwargs)
        ^^^^^^^^^^^^^^^^^^^^^^^^^^^^^^^
_ _ _ _ _ _ _ _ _ _ _ _ _ _ _ _ _ _ _ _ _ _ _ _ _ _ _ _ _ _ _ _ _ _ _ _ _ _ _ _ 

self = <requests.adapters.HTTPAdapter object at 0x10e6fcd70>
request = <PreparedRequest [GET]>, stream = False
timeout = Timeout(connect=None, read=None, total=None), verify = True
cert = None, proxies = OrderedDict()

    def send(
        self, request, stream=False, timeout=None, verify=True, cert=None, proxies=None
    ):
        """Sends PreparedRequest object. Returns Response object.
    
        :param request: The :class:`PreparedRequest <PreparedRequest>` being sent.
        :param stream: (optional) Whether to stream the request content.
        :param timeout: (optional) How long to wait for the server to send
            data before giving up, as a float, or a :ref:`(connect timeout,
            read timeout) <timeouts>` tuple.
        :type timeout: float or tuple or urllib3 Timeout object
        :param verify: (optional) Either a boolean, in which case it controls whether
            we verify the server's TLS certificate, or a string, in which case it
            must be a path to a CA bundle to use
        :param cert: (optional) Any user-provided SSL certificate to be trusted.
        :param proxies: (optional) The proxies dictionary to apply to the request.
        :rtype: requests.Response
        """
    
        try:
            conn = self.get_connection_with_tls_context(
                request, verify, proxies=proxies, cert=cert
            )
        except LocationValueError as e:
            raise InvalidURL(e, request=request)
    
        self.cert_verify(conn, request.url, verify, cert)
        url = self.request_url(request, proxies)
        self.add_headers(
            request,
            stream=stream,
            timeout=timeout,
            verify=verify,
            cert=cert,
            proxies=proxies,
        )
    
        chunked = not (request.body is None or "Content-Length" in request.headers)
    
        if isinstance(timeout, tuple):
            try:
                connect, read = timeout
                timeout = TimeoutSauce(connect=connect, read=read)
            except ValueError:
                raise ValueError(
                    f"Invalid timeout {timeout}. Pass a (connect, read) timeout tuple, "
                    f"or a single float to set both timeouts to the same value."
                )
        elif isinstance(timeout, TimeoutSauce):
            pass
        else:
            timeout = TimeoutSauce(connect=timeout, read=timeout)
    
        try:
            resp = conn.urlopen(
                method=request.method,
                url=url,
                body=request.body,
                headers=request.headers,
                redirect=False,
                assert_same_host=False,
                preload_content=False,
                decode_content=False,
                retries=self.max_retries,
                timeout=timeout,
                chunked=chunked,
            )
    
        except (ProtocolError, OSError) as err:
            raise ConnectionError(err, request=request)
    
        except MaxRetryError as e:
            if isinstance(e.reason, ConnectTimeoutError):
                # TODO: Remove this in 3.0.0: see #2811
                if not isinstance(e.reason, NewConnectionError):
                    raise ConnectTimeout(e, request=request)
    
            if isinstance(e.reason, ResponseError):
                raise RetryError(e, request=request)
    
            if isinstance(e.reason, _ProxyError):
                raise ProxyError(e, request=request)
    
            if isinstance(e.reason, _SSLError):
                # This branch is for urllib3 v1.22 and later.
                raise SSLError(e, request=request)
    
>           raise ConnectionError(e, request=request)
E           requests.exceptions.ConnectionError: HTTPSConnectionPool(host='api.dev-cinescope.coconutqa.rumovies', port=443): Max retries exceeded with url: /?page=1 (Caused by NameResolutionError("HTTPSConnection(host='api.dev-cinescope.coconutqa.rumovies', port=443): Failed to resolve 'api.dev-cinescope.coconutqa.rumovies' ([Errno 8] nodename nor servname provided, or not known)"))

.venv/lib/python3.14/site-packages/requests/adapters.py:678: ConnectionError
______________ TestMovies.test_get_movies_with_filter[pageSize=5] ______________

self = <HTTPSConnection(host='api.dev-cinescope.coconutqa.rumovies', port=443) at 0x10ec23750>

    def _new_conn(self) -> socket.socket:
        """Establish a socket connection and set nodelay settings on it.
    
        :return: New socket connection.
        """
        try:
>           sock = connection.create_connection(
                (self._dns_host, self.port),
                self.timeout,
                source_address=self.source_address,
                socket_options=self.socket_options,
            )

.venv/lib/python3.14/site-packages/urllib3/connection.py:204: 
_ _ _ _ _ _ _ _ _ _ _ _ _ _ _ _ _ _ _ _ _ _ _ _ _ _ _ _ _ _ _ _ _ _ _ _ _ _ _ _ 
.venv/lib/python3.14/site-packages/urllib3/util/connection.py:60: in create_connection
    for res in socket.getaddrinfo(host, port, family, socket.SOCK_STREAM):
               ^^^^^^^^^^^^^^^^^^^^^^^^^^^^^^^^^^^^^^^^^^^^^^^^^^^^^^^^^^
_ _ _ _ _ _ _ _ _ _ _ _ _ _ _ _ _ _ _ _ _ _ _ _ _ _ _ _ _ _ _ _ _ _ _ _ _ _ _ _ 

host = 'api.dev-cinescope.coconutqa.rumovies', port = 443
family = <AddressFamily.AF_UNSPEC: 0>, type = <SocketKind.SOCK_STREAM: 1>
proto = 0, flags = 0

    def getaddrinfo(host, port, family=0, type=0, proto=0, flags=0):
        """Resolve host and port into list of address info entries.
    
        Translate the host/port argument into a sequence of 5-tuples that contain
        all the necessary arguments for creating a socket connected to that service.
        host is a domain name, a string representation of an IPv4/v6 address or
        None. port is a string service name such as 'http', a numeric port number or
        None. By passing None as the value of host and port, you can pass NULL to
        the underlying C API.
    
        The family, type and proto arguments can be optionally specified in order to
        narrow the list of addresses returned. Passing zero as a value for each of
        these arguments selects the full range of results.
        """
        # We override this function since we want to translate the numeric family
        # and socket type values to enum constants.
        addrlist = []
>       for res in _socket.getaddrinfo(host, port, family, type, proto, flags):
                   ^^^^^^^^^^^^^^^^^^^^^^^^^^^^^^^^^^^^^^^^^^^^^^^^^^^^^^^^^^^
E       socket.gaierror: [Errno 8] nodename nor servname provided, or not known

/Library/Frameworks/Python.framework/Versions/3.14/lib/python3.14/socket.py:983: gaierror

The above exception was the direct cause of the following exception:

self = <urllib3.connectionpool.HTTPSConnectionPool object at 0x10ec211d0>
method = 'GET', url = '/?pageSize=5', body = None
headers = {'User-Agent': 'python-requests/2.33.1', 'Accept-Encoding': 'gzip, deflate, zstd', 'Accept': 'application/json', 'Conn...JTiJdLCJ2ZXJpZmllZCI6dHJ1ZSwiaWF0IjoxNzgwNzQzMjQ1LCJleHAiOjE3ODA3NDUwNDV9.qog6lqFhpacrqA6yoCHfrvtRVbUmBv8czcVLhNBqMsY'}
retries = Retry(total=0, connect=None, read=False, redirect=None, status=None)
redirect = False, assert_same_host = False
timeout = Timeout(connect=None, read=None, total=None), pool_timeout = None
release_conn = False, chunked = False, body_pos = None, preload_content = False
decode_content = False, response_kw = {}
parsed_url = Url(scheme=None, auth=None, host=None, port=None, path='/', query='pageSize=5', fragment=None)
destination_scheme = None, conn = None, release_this_conn = True
http_tunnel_required = False, err = None, clean_exit = False

    def urlopen(  # type: ignore[override]
        self,
        method: str,
        url: str,
        body: _TYPE_BODY | None = None,
        headers: typing.Mapping[str, str] | None = None,
        retries: Retry | bool | int | None = None,
        redirect: bool = True,
        assert_same_host: bool = True,
        timeout: _TYPE_TIMEOUT = _DEFAULT_TIMEOUT,
        pool_timeout: int | None = None,
        release_conn: bool | None = None,
        chunked: bool = False,
        body_pos: _TYPE_BODY_POSITION | None = None,
        preload_content: bool = True,
        decode_content: bool = True,
        **response_kw: typing.Any,
    ) -> BaseHTTPResponse:
        """
        Get a connection from the pool and perform an HTTP request. This is the
        lowest level call for making a request, so you'll need to specify all
        the raw details.
    
        .. note::
    
           More commonly, it's appropriate to use a convenience method
           such as :meth:`request`.
    
        .. note::
    
           `release_conn` will only behave as expected if
           `preload_content=False` because we want to make
           `preload_content=False` the default behaviour someday soon without
           breaking backwards compatibility.
    
        :param method:
            HTTP request method (such as GET, POST, PUT, etc.)
    
        :param url:
            The URL to perform the request on.
    
        :param body:
            Data to send in the request body, either :class:`str`, :class:`bytes`,
            an iterable of :class:`str`/:class:`bytes`, or a file-like object.
    
        :param headers:
            Dictionary of custom headers to send, such as User-Agent,
            If-None-Match, etc. If None, pool headers are used. If provided,
            these headers completely replace any pool-specific headers.
    
        :param retries:
            Configure the number of retries to allow before raising a
            :class:`~urllib3.exceptions.MaxRetryError` exception.
    
            If ``None`` (default) will retry 3 times, see ``Retry.DEFAULT``. Pass a
            :class:`~urllib3.util.retry.Retry` object for fine-grained control
            over different types of retries.
            Pass an integer number to retry connection errors that many times,
            but no other types of errors. Pass zero to never retry.
    
            If ``False``, then retries are disabled and any exception is raised
            immediately. Also, instead of raising a MaxRetryError on redirects,
            the redirect response will be returned.
    
        :type retries: :class:`~urllib3.util.retry.Retry`, False, or an int.
    
        :param redirect:
            If True, automatically handle redirects (status codes 301, 302,
            303, 307, 308). Each redirect counts as a retry. Disabling retries
            will disable redirect, too.
    
        :param assert_same_host:
            If ``True``, will make sure that the host of the pool requests is
            consistent else will raise HostChangedError. When ``False``, you can
            use the pool on an HTTP proxy and request foreign hosts.
    
        :param timeout:
            If specified, overrides the default timeout for this one
            request. It may be a float (in seconds) or an instance of
            :class:`urllib3.util.Timeout`.
    
        :param pool_timeout:
            If set and the pool is set to block=True, then this method will
            block for ``pool_timeout`` seconds and raise EmptyPoolError if no
            connection is available within the time period.
    
        :param bool preload_content:
            If True, the response's body will be preloaded into memory.
    
        :param bool decode_content:
            If True, will attempt to decode the body based on the
            'content-encoding' header.
    
        :param release_conn:
            If False, then the urlopen call will not release the connection
            back into the pool once a response is received (but will release if
            you read the entire contents of the response such as when
            `preload_content=True`). This is useful if you're not preloading
            the response's content immediately. You will need to call
            ``r.release_conn()`` on the response ``r`` to return the connection
            back into the pool. If None, it takes the value of ``preload_content``
            which defaults to ``True``.
    
        :param bool chunked:
            If True, urllib3 will send the body using chunked transfer
            encoding. Otherwise, urllib3 will send the body using the standard
            content-length form. Defaults to False.
    
        :param int body_pos:
            Position to seek to in file-like body in the event of a retry or
            redirect. Typically this won't need to be set because urllib3 will
            auto-populate the value when needed.
        """
        parsed_url = parse_url(url)
        destination_scheme = parsed_url.scheme
    
        if headers is None:
            headers = self.headers
    
        if not isinstance(retries, Retry):
            retries = Retry.from_int(retries, redirect=redirect, default=self.retries)
    
        if release_conn is None:
            release_conn = preload_content
    
        # Check host
        if assert_same_host and not self.is_same_host(url):
            raise HostChangedError(self, url, retries)
    
        # Ensure that the URL we're connecting to is properly encoded
        if url.startswith("/"):
            url = to_str(_encode_target(url))
        else:
            url = to_str(parsed_url.url)
    
        conn = None
    
        # Track whether `conn` needs to be released before
        # returning/raising/recursing. Update this variable if necessary, and
        # leave `release_conn` constant throughout the function. That way, if
        # the function recurses, the original value of `release_conn` will be
        # passed down into the recursive call, and its value will be respected.
        #
        # See issue #651 [1] for details.
        #
        # [1] <https://github.com/urllib3/urllib3/issues/651>
        release_this_conn = release_conn
    
        http_tunnel_required = connection_requires_http_tunnel(
            self.proxy, self.proxy_config, destination_scheme
        )
    
        # Merge the proxy headers. Only done when not using HTTP CONNECT. We
        # have to copy the headers dict so we can safely change it without those
        # changes being reflected in anyone else's copy.
        if not http_tunnel_required:
            headers = headers.copy()  # type: ignore[attr-defined]
            headers.update(self.proxy_headers)  # type: ignore[union-attr]
    
        # Must keep the exception bound to a separate variable or else Python 3
        # complains about UnboundLocalError.
        err = None
    
        # Keep track of whether we cleanly exited the except block. This
        # ensures we do proper cleanup in finally.
        clean_exit = False
    
        # Rewind body position, if needed. Record current position
        # for future rewinds in the event of a redirect/retry.
        body_pos = set_file_position(body, body_pos)
    
        try:
            # Request a connection from the queue.
            timeout_obj = self._get_timeout(timeout)
            conn = self._get_conn(timeout=pool_timeout)
    
            conn.timeout = timeout_obj.connect_timeout  # type: ignore[assignment]
    
            # Is this a closed/new connection that requires CONNECT tunnelling?
            if self.proxy is not None and http_tunnel_required and conn.is_closed:
                try:
                    self._prepare_proxy(conn)
                except (BaseSSLError, OSError, SocketTimeout) as e:
                    self._raise_timeout(
                        err=e, url=self.proxy.url, timeout_value=conn.timeout
                    )
                    raise
    
            # If we're going to release the connection in ``finally:``, then
            # the response doesn't need to know about the connection. Otherwise
            # it will also try to release it and we'll have a double-release
            # mess.
            response_conn = conn if not release_conn else None
    
            # Make the request on the HTTPConnection object
>           response = self._make_request(
                conn,
                method,
                url,
                timeout=timeout_obj,
                body=body,
                headers=headers,
                chunked=chunked,
                retries=retries,
                response_conn=response_conn,
                preload_content=preload_content,
                decode_content=decode_content,
                **response_kw,
            )

.venv/lib/python3.14/site-packages/urllib3/connectionpool.py:787: 
_ _ _ _ _ _ _ _ _ _ _ _ _ _ _ _ _ _ _ _ _ _ _ _ _ _ _ _ _ _ _ _ _ _ _ _ _ _ _ _ 
.venv/lib/python3.14/site-packages/urllib3/connectionpool.py:488: in _make_request
    raise new_e
.venv/lib/python3.14/site-packages/urllib3/connectionpool.py:464: in _make_request
    self._validate_conn(conn)
.venv/lib/python3.14/site-packages/urllib3/connectionpool.py:1093: in _validate_conn
    conn.connect()
.venv/lib/python3.14/site-packages/urllib3/connection.py:759: in connect
    self.sock = sock = self._new_conn()
                       ^^^^^^^^^^^^^^^^
_ _ _ _ _ _ _ _ _ _ _ _ _ _ _ _ _ _ _ _ _ _ _ _ _ _ _ _ _ _ _ _ _ _ _ _ _ _ _ _ 

self = <HTTPSConnection(host='api.dev-cinescope.coconutqa.rumovies', port=443) at 0x10ec23750>

    def _new_conn(self) -> socket.socket:
        """Establish a socket connection and set nodelay settings on it.
    
        :return: New socket connection.
        """
        try:
            sock = connection.create_connection(
                (self._dns_host, self.port),
                self.timeout,
                source_address=self.source_address,
                socket_options=self.socket_options,
            )
        except socket.gaierror as e:
>           raise NameResolutionError(self.host, self, e) from e
E           urllib3.exceptions.NameResolutionError: HTTPSConnection(host='api.dev-cinescope.coconutqa.rumovies', port=443): Failed to resolve 'api.dev-cinescope.coconutqa.rumovies' ([Errno 8] nodename nor servname provided, or not known)

.venv/lib/python3.14/site-packages/urllib3/connection.py:211: NameResolutionError

The above exception was the direct cause of the following exception:

self = <requests.adapters.HTTPAdapter object at 0x10e6fcd70>
request = <PreparedRequest [GET]>, stream = False
timeout = Timeout(connect=None, read=None, total=None), verify = True
cert = None, proxies = OrderedDict()

    def send(
        self, request, stream=False, timeout=None, verify=True, cert=None, proxies=None
    ):
        """Sends PreparedRequest object. Returns Response object.
    
        :param request: The :class:`PreparedRequest <PreparedRequest>` being sent.
        :param stream: (optional) Whether to stream the request content.
        :param timeout: (optional) How long to wait for the server to send
            data before giving up, as a float, or a :ref:`(connect timeout,
            read timeout) <timeouts>` tuple.
        :type timeout: float or tuple or urllib3 Timeout object
        :param verify: (optional) Either a boolean, in which case it controls whether
            we verify the server's TLS certificate, or a string, in which case it
            must be a path to a CA bundle to use
        :param cert: (optional) Any user-provided SSL certificate to be trusted.
        :param proxies: (optional) The proxies dictionary to apply to the request.
        :rtype: requests.Response
        """
    
        try:
            conn = self.get_connection_with_tls_context(
                request, verify, proxies=proxies, cert=cert
            )
        except LocationValueError as e:
            raise InvalidURL(e, request=request)
    
        self.cert_verify(conn, request.url, verify, cert)
        url = self.request_url(request, proxies)
        self.add_headers(
            request,
            stream=stream,
            timeout=timeout,
            verify=verify,
            cert=cert,
            proxies=proxies,
        )
    
        chunked = not (request.body is None or "Content-Length" in request.headers)
    
        if isinstance(timeout, tuple):
            try:
                connect, read = timeout
                timeout = TimeoutSauce(connect=connect, read=read)
            except ValueError:
                raise ValueError(
                    f"Invalid timeout {timeout}. Pass a (connect, read) timeout tuple, "
                    f"or a single float to set both timeouts to the same value."
                )
        elif isinstance(timeout, TimeoutSauce):
            pass
        else:
            timeout = TimeoutSauce(connect=timeout, read=timeout)
    
        try:
>           resp = conn.urlopen(
                method=request.method,
                url=url,
                body=request.body,
                headers=request.headers,
                redirect=False,
                assert_same_host=False,
                preload_content=False,
                decode_content=False,
                retries=self.max_retries,
                timeout=timeout,
                chunked=chunked,
            )

.venv/lib/python3.14/site-packages/requests/adapters.py:645: 
_ _ _ _ _ _ _ _ _ _ _ _ _ _ _ _ _ _ _ _ _ _ _ _ _ _ _ _ _ _ _ _ _ _ _ _ _ _ _ _ 
.venv/lib/python3.14/site-packages/urllib3/connectionpool.py:841: in urlopen
    retries = retries.increment(
_ _ _ _ _ _ _ _ _ _ _ _ _ _ _ _ _ _ _ _ _ _ _ _ _ _ _ _ _ _ _ _ _ _ _ _ _ _ _ _ 

self = Retry(total=0, connect=None, read=False, redirect=None, status=None)
method = 'GET', url = '/?pageSize=5', response = None
error = NameResolutionError("HTTPSConnection(host='api.dev-cinescope.coconutqa.rumovies', port=443): Failed to resolve 'api.dev-cinescope.coconutqa.rumovies' ([Errno 8] nodename nor servname provided, or not known)")
_pool = <urllib3.connectionpool.HTTPSConnectionPool object at 0x10ec211d0>
_stacktrace = <traceback object at 0x10f011b80>

    def increment(
        self,
        method: str | None = None,
        url: str | None = None,
        response: BaseHTTPResponse | None = None,
        error: Exception | None = None,
        _pool: ConnectionPool | None = None,
        _stacktrace: TracebackType | None = None,
    ) -> Self:
        """Return a new Retry object with incremented retry counters.
    
        :param response: A response object, or None, if the server did not
            return a response.
        :type response: :class:`~urllib3.response.BaseHTTPResponse`
        :param Exception error: An error encountered during the request, or
            None if the response was received successfully.
    
        :return: A new ``Retry`` object.
        """
        if self.total is False and error:
            # Disabled, indicate to re-raise the error.
            raise reraise(type(error), error, _stacktrace)
    
        total = self.total
        if total is not None:
            total -= 1
    
        connect = self.connect
        read = self.read
        redirect = self.redirect
        status_count = self.status
        other = self.other
        cause = "unknown"
        status = None
        redirect_location = None
    
        if error and self._is_connection_error(error):
            # Connect retry?
            if connect is False:
                raise reraise(type(error), error, _stacktrace)
            elif connect is not None:
                connect -= 1
    
        elif error and self._is_read_error(error):
            # Read retry?
            if read is False or method is None or not self._is_method_retryable(method):
                raise reraise(type(error), error, _stacktrace)
            elif read is not None:
                read -= 1
    
        elif error:
            # Other retry?
            if other is not None:
                other -= 1
    
        elif response and response.get_redirect_location():
            # Redirect retry?
            if redirect is not None:
                redirect -= 1
            cause = "too many redirects"
            response_redirect_location = response.get_redirect_location()
            if response_redirect_location:
                redirect_location = response_redirect_location
            status = response.status
    
        else:
            # Incrementing because of a server error like a 500 in
            # status_forcelist and the given method is in the allowed_methods
            cause = ResponseError.GENERIC_ERROR
            if response and response.status:
                if status_count is not None:
                    status_count -= 1
                cause = ResponseError.SPECIFIC_ERROR.format(status_code=response.status)
                status = response.status
    
        history = self.history + (
            RequestHistory(method, url, error, status, redirect_location),
        )
    
        new_retry = self.new(
            total=total,
            connect=connect,
            read=read,
            redirect=redirect,
            status=status_count,
            other=other,
            history=history,
        )
    
        if new_retry.is_exhausted():
            reason = error or ResponseError(cause)
>           raise MaxRetryError(_pool, url, reason) from reason  # type: ignore[arg-type]
            ^^^^^^^^^^^^^^^^^^^^^^^^^^^^^^^^^^^^^^^^^^^^^^^^^^^
E           urllib3.exceptions.MaxRetryError: HTTPSConnectionPool(host='api.dev-cinescope.coconutqa.rumovies', port=443): Max retries exceeded with url: /?pageSize=5 (Caused by NameResolutionError("HTTPSConnection(host='api.dev-cinescope.coconutqa.rumovies', port=443): Failed to resolve 'api.dev-cinescope.coconutqa.rumovies' ([Errno 8] nodename nor servname provided, or not known)"))

.venv/lib/python3.14/site-packages/urllib3/util/retry.py:535: MaxRetryError

During handling of the above exception, another exception occurred:

self = <tests.api.test_movies.TestMovies object at 0x10ec04490>
api_manager = <clients.api_manager.ApiManager object at 0x10e6fc6e0>
param_name = 'pageSize', param_value = 5

    @allure.title("GET /movies с фильтром {param_name}={param_value}")
    @allure.severity(allure.severity_level.NORMAL)
    @pytest.mark.regression
    @pytest.mark.parametrize("param_name,param_value", [
        ("page", 1),
        ("pageSize", 5),
        ("pageSize", 10),
        ("published", True),
        ("published", False),
    ], ids=[
        "page=1",
        "pageSize=5",
        "pageSize=10",
        "published=true",
        "published=false",
    ])
    def test_get_movies_with_filter(self, api_manager, param_name, param_value):
        with allure.step(f"Отправить GET /movies?{param_name}={param_value}"):
>           response = api_manager.movies_api.get_movies(
                params={param_name: param_value}
            )

tests/api/test_movies.py:105: 
_ _ _ _ _ _ _ _ _ _ _ _ _ _ _ _ _ _ _ _ _ _ _ _ _ _ _ _ _ _ _ _ _ _ _ _ _ _ _ _ 
clients/movies_api.py:11: in get_movies
    return self.send_request("GET", "movies", params=params)
           ^^^^^^^^^^^^^^^^^^^^^^^^^^^^^^^^^^^^^^^^^^^^^^^^^
clients/custom_requester.py:24: in send_request
    response = self.session.request(method, url, json=data, params=params)
               ^^^^^^^^^^^^^^^^^^^^^^^^^^^^^^^^^^^^^^^^^^^^^^^^^^^^^^^^^^^
.venv/lib/python3.14/site-packages/requests/sessions.py:592: in request
    resp = self.send(prep, **send_kwargs)
           ^^^^^^^^^^^^^^^^^^^^^^^^^^^^^^
.venv/lib/python3.14/site-packages/requests/sessions.py:706: in send
    r = adapter.send(request, **kwargs)
        ^^^^^^^^^^^^^^^^^^^^^^^^^^^^^^^
_ _ _ _ _ _ _ _ _ _ _ _ _ _ _ _ _ _ _ _ _ _ _ _ _ _ _ _ _ _ _ _ _ _ _ _ _ _ _ _ 

self = <requests.adapters.HTTPAdapter object at 0x10e6fcd70>
request = <PreparedRequest [GET]>, stream = False
timeout = Timeout(connect=None, read=None, total=None), verify = True
cert = None, proxies = OrderedDict()

    def send(
        self, request, stream=False, timeout=None, verify=True, cert=None, proxies=None
    ):
        """Sends PreparedRequest object. Returns Response object.
    
        :param request: The :class:`PreparedRequest <PreparedRequest>` being sent.
        :param stream: (optional) Whether to stream the request content.
        :param timeout: (optional) How long to wait for the server to send
            data before giving up, as a float, or a :ref:`(connect timeout,
            read timeout) <timeouts>` tuple.
        :type timeout: float or tuple or urllib3 Timeout object
        :param verify: (optional) Either a boolean, in which case it controls whether
            we verify the server's TLS certificate, or a string, in which case it
            must be a path to a CA bundle to use
        :param cert: (optional) Any user-provided SSL certificate to be trusted.
        :param proxies: (optional) The proxies dictionary to apply to the request.
        :rtype: requests.Response
        """
    
        try:
            conn = self.get_connection_with_tls_context(
                request, verify, proxies=proxies, cert=cert
            )
        except LocationValueError as e:
            raise InvalidURL(e, request=request)
    
        self.cert_verify(conn, request.url, verify, cert)
        url = self.request_url(request, proxies)
        self.add_headers(
            request,
            stream=stream,
            timeout=timeout,
            verify=verify,
            cert=cert,
            proxies=proxies,
        )
    
        chunked = not (request.body is None or "Content-Length" in request.headers)
    
        if isinstance(timeout, tuple):
            try:
                connect, read = timeout
                timeout = TimeoutSauce(connect=connect, read=read)
            except ValueError:
                raise ValueError(
                    f"Invalid timeout {timeout}. Pass a (connect, read) timeout tuple, "
                    f"or a single float to set both timeouts to the same value."
                )
        elif isinstance(timeout, TimeoutSauce):
            pass
        else:
            timeout = TimeoutSauce(connect=timeout, read=timeout)
    
        try:
            resp = conn.urlopen(
                method=request.method,
                url=url,
                body=request.body,
                headers=request.headers,
                redirect=False,
                assert_same_host=False,
                preload_content=False,
                decode_content=False,
                retries=self.max_retries,
                timeout=timeout,
                chunked=chunked,
            )
    
        except (ProtocolError, OSError) as err:
            raise ConnectionError(err, request=request)
    
        except MaxRetryError as e:
            if isinstance(e.reason, ConnectTimeoutError):
                # TODO: Remove this in 3.0.0: see #2811
                if not isinstance(e.reason, NewConnectionError):
                    raise ConnectTimeout(e, request=request)
    
            if isinstance(e.reason, ResponseError):
                raise RetryError(e, request=request)
    
            if isinstance(e.reason, _ProxyError):
                raise ProxyError(e, request=request)
    
            if isinstance(e.reason, _SSLError):
                # This branch is for urllib3 v1.22 and later.
                raise SSLError(e, request=request)
    
>           raise ConnectionError(e, request=request)
E           requests.exceptions.ConnectionError: HTTPSConnectionPool(host='api.dev-cinescope.coconutqa.rumovies', port=443): Max retries exceeded with url: /?pageSize=5 (Caused by NameResolutionError("HTTPSConnection(host='api.dev-cinescope.coconutqa.rumovies', port=443): Failed to resolve 'api.dev-cinescope.coconutqa.rumovies' ([Errno 8] nodename nor servname provided, or not known)"))

.venv/lib/python3.14/site-packages/requests/adapters.py:678: ConnectionError
_____________ TestMovies.test_get_movies_with_filter[pageSize=10] ______________

self = <HTTPSConnection(host='api.dev-cinescope.coconutqa.rumovies', port=443) at 0x10ec23250>

    def _new_conn(self) -> socket.socket:
        """Establish a socket connection and set nodelay settings on it.
    
        :return: New socket connection.
        """
        try:
>           sock = connection.create_connection(
                (self._dns_host, self.port),
                self.timeout,
                source_address=self.source_address,
                socket_options=self.socket_options,
            )

.venv/lib/python3.14/site-packages/urllib3/connection.py:204: 
_ _ _ _ _ _ _ _ _ _ _ _ _ _ _ _ _ _ _ _ _ _ _ _ _ _ _ _ _ _ _ _ _ _ _ _ _ _ _ _ 
.venv/lib/python3.14/site-packages/urllib3/util/connection.py:60: in create_connection
    for res in socket.getaddrinfo(host, port, family, socket.SOCK_STREAM):
               ^^^^^^^^^^^^^^^^^^^^^^^^^^^^^^^^^^^^^^^^^^^^^^^^^^^^^^^^^^
_ _ _ _ _ _ _ _ _ _ _ _ _ _ _ _ _ _ _ _ _ _ _ _ _ _ _ _ _ _ _ _ _ _ _ _ _ _ _ _ 

host = 'api.dev-cinescope.coconutqa.rumovies', port = 443
family = <AddressFamily.AF_UNSPEC: 0>, type = <SocketKind.SOCK_STREAM: 1>
proto = 0, flags = 0

    def getaddrinfo(host, port, family=0, type=0, proto=0, flags=0):
        """Resolve host and port into list of address info entries.
    
        Translate the host/port argument into a sequence of 5-tuples that contain
        all the necessary arguments for creating a socket connected to that service.
        host is a domain name, a string representation of an IPv4/v6 address or
        None. port is a string service name such as 'http', a numeric port number or
        None. By passing None as the value of host and port, you can pass NULL to
        the underlying C API.
    
        The family, type and proto arguments can be optionally specified in order to
        narrow the list of addresses returned. Passing zero as a value for each of
        these arguments selects the full range of results.
        """
        # We override this function since we want to translate the numeric family
        # and socket type values to enum constants.
        addrlist = []
>       for res in _socket.getaddrinfo(host, port, family, type, proto, flags):
                   ^^^^^^^^^^^^^^^^^^^^^^^^^^^^^^^^^^^^^^^^^^^^^^^^^^^^^^^^^^^
E       socket.gaierror: [Errno 8] nodename nor servname provided, or not known

/Library/Frameworks/Python.framework/Versions/3.14/lib/python3.14/socket.py:983: gaierror

The above exception was the direct cause of the following exception:

self = <urllib3.connectionpool.HTTPSConnectionPool object at 0x10ec211d0>
method = 'GET', url = '/?pageSize=10', body = None
headers = {'User-Agent': 'python-requests/2.33.1', 'Accept-Encoding': 'gzip, deflate, zstd', 'Accept': 'application/json', 'Conn...JTiJdLCJ2ZXJpZmllZCI6dHJ1ZSwiaWF0IjoxNzgwNzQzMjQ1LCJleHAiOjE3ODA3NDUwNDV9.qog6lqFhpacrqA6yoCHfrvtRVbUmBv8czcVLhNBqMsY'}
retries = Retry(total=0, connect=None, read=False, redirect=None, status=None)
redirect = False, assert_same_host = False
timeout = Timeout(connect=None, read=None, total=None), pool_timeout = None
release_conn = False, chunked = False, body_pos = None, preload_content = False
decode_content = False, response_kw = {}
parsed_url = Url(scheme=None, auth=None, host=None, port=None, path='/', query='pageSize=10', fragment=None)
destination_scheme = None, conn = None, release_this_conn = True
http_tunnel_required = False, err = None, clean_exit = False

    def urlopen(  # type: ignore[override]
        self,
        method: str,
        url: str,
        body: _TYPE_BODY | None = None,
        headers: typing.Mapping[str, str] | None = None,
        retries: Retry | bool | int | None = None,
        redirect: bool = True,
        assert_same_host: bool = True,
        timeout: _TYPE_TIMEOUT = _DEFAULT_TIMEOUT,
        pool_timeout: int | None = None,
        release_conn: bool | None = None,
        chunked: bool = False,
        body_pos: _TYPE_BODY_POSITION | None = None,
        preload_content: bool = True,
        decode_content: bool = True,
        **response_kw: typing.Any,
    ) -> BaseHTTPResponse:
        """
        Get a connection from the pool and perform an HTTP request. This is the
        lowest level call for making a request, so you'll need to specify all
        the raw details.
    
        .. note::
    
           More commonly, it's appropriate to use a convenience method
           such as :meth:`request`.
    
        .. note::
    
           `release_conn` will only behave as expected if
           `preload_content=False` because we want to make
           `preload_content=False` the default behaviour someday soon without
           breaking backwards compatibility.
    
        :param method:
            HTTP request method (such as GET, POST, PUT, etc.)
    
        :param url:
            The URL to perform the request on.
    
        :param body:
            Data to send in the request body, either :class:`str`, :class:`bytes`,
            an iterable of :class:`str`/:class:`bytes`, or a file-like object.
    
        :param headers:
            Dictionary of custom headers to send, such as User-Agent,
            If-None-Match, etc. If None, pool headers are used. If provided,
            these headers completely replace any pool-specific headers.
    
        :param retries:
            Configure the number of retries to allow before raising a
            :class:`~urllib3.exceptions.MaxRetryError` exception.
    
            If ``None`` (default) will retry 3 times, see ``Retry.DEFAULT``. Pass a
            :class:`~urllib3.util.retry.Retry` object for fine-grained control
            over different types of retries.
            Pass an integer number to retry connection errors that many times,
            but no other types of errors. Pass zero to never retry.
    
            If ``False``, then retries are disabled and any exception is raised
            immediately. Also, instead of raising a MaxRetryError on redirects,
            the redirect response will be returned.
    
        :type retries: :class:`~urllib3.util.retry.Retry`, False, or an int.
    
        :param redirect:
            If True, automatically handle redirects (status codes 301, 302,
            303, 307, 308). Each redirect counts as a retry. Disabling retries
            will disable redirect, too.
    
        :param assert_same_host:
            If ``True``, will make sure that the host of the pool requests is
            consistent else will raise HostChangedError. When ``False``, you can
            use the pool on an HTTP proxy and request foreign hosts.
    
        :param timeout:
            If specified, overrides the default timeout for this one
            request. It may be a float (in seconds) or an instance of
            :class:`urllib3.util.Timeout`.
    
        :param pool_timeout:
            If set and the pool is set to block=True, then this method will
            block for ``pool_timeout`` seconds and raise EmptyPoolError if no
            connection is available within the time period.
    
        :param bool preload_content:
            If True, the response's body will be preloaded into memory.
    
        :param bool decode_content:
            If True, will attempt to decode the body based on the
            'content-encoding' header.
    
        :param release_conn:
            If False, then the urlopen call will not release the connection
            back into the pool once a response is received (but will release if
            you read the entire contents of the response such as when
            `preload_content=True`). This is useful if you're not preloading
            the response's content immediately. You will need to call
            ``r.release_conn()`` on the response ``r`` to return the connection
            back into the pool. If None, it takes the value of ``preload_content``
            which defaults to ``True``.
    
        :param bool chunked:
            If True, urllib3 will send the body using chunked transfer
            encoding. Otherwise, urllib3 will send the body using the standard
            content-length form. Defaults to False.
    
        :param int body_pos:
            Position to seek to in file-like body in the event of a retry or
            redirect. Typically this won't need to be set because urllib3 will
            auto-populate the value when needed.
        """
        parsed_url = parse_url(url)
        destination_scheme = parsed_url.scheme
    
        if headers is None:
            headers = self.headers
    
        if not isinstance(retries, Retry):
            retries = Retry.from_int(retries, redirect=redirect, default=self.retries)
    
        if release_conn is None:
            release_conn = preload_content
    
        # Check host
        if assert_same_host and not self.is_same_host(url):
            raise HostChangedError(self, url, retries)
    
        # Ensure that the URL we're connecting to is properly encoded
        if url.startswith("/"):
            url = to_str(_encode_target(url))
        else:
            url = to_str(parsed_url.url)
    
        conn = None
    
        # Track whether `conn` needs to be released before
        # returning/raising/recursing. Update this variable if necessary, and
        # leave `release_conn` constant throughout the function. That way, if
        # the function recurses, the original value of `release_conn` will be
        # passed down into the recursive call, and its value will be respected.
        #
        # See issue #651 [1] for details.
        #
        # [1] <https://github.com/urllib3/urllib3/issues/651>
        release_this_conn = release_conn
    
        http_tunnel_required = connection_requires_http_tunnel(
            self.proxy, self.proxy_config, destination_scheme
        )
    
        # Merge the proxy headers. Only done when not using HTTP CONNECT. We
        # have to copy the headers dict so we can safely change it without those
        # changes being reflected in anyone else's copy.
        if not http_tunnel_required:
            headers = headers.copy()  # type: ignore[attr-defined]
            headers.update(self.proxy_headers)  # type: ignore[union-attr]
    
        # Must keep the exception bound to a separate variable or else Python 3
        # complains about UnboundLocalError.
        err = None
    
        # Keep track of whether we cleanly exited the except block. This
        # ensures we do proper cleanup in finally.
        clean_exit = False
    
        # Rewind body position, if needed. Record current position
        # for future rewinds in the event of a redirect/retry.
        body_pos = set_file_position(body, body_pos)
    
        try:
            # Request a connection from the queue.
            timeout_obj = self._get_timeout(timeout)
            conn = self._get_conn(timeout=pool_timeout)
    
            conn.timeout = timeout_obj.connect_timeout  # type: ignore[assignment]
    
            # Is this a closed/new connection that requires CONNECT tunnelling?
            if self.proxy is not None and http_tunnel_required and conn.is_closed:
                try:
                    self._prepare_proxy(conn)
                except (BaseSSLError, OSError, SocketTimeout) as e:
                    self._raise_timeout(
                        err=e, url=self.proxy.url, timeout_value=conn.timeout
                    )
                    raise
    
            # If we're going to release the connection in ``finally:``, then
            # the response doesn't need to know about the connection. Otherwise
            # it will also try to release it and we'll have a double-release
            # mess.
            response_conn = conn if not release_conn else None
    
            # Make the request on the HTTPConnection object
>           response = self._make_request(
                conn,
                method,
                url,
                timeout=timeout_obj,
                body=body,
                headers=headers,
                chunked=chunked,
                retries=retries,
                response_conn=response_conn,
                preload_content=preload_content,
                decode_content=decode_content,
                **response_kw,
            )

.venv/lib/python3.14/site-packages/urllib3/connectionpool.py:787: 
_ _ _ _ _ _ _ _ _ _ _ _ _ _ _ _ _ _ _ _ _ _ _ _ _ _ _ _ _ _ _ _ _ _ _ _ _ _ _ _ 
.venv/lib/python3.14/site-packages/urllib3/connectionpool.py:488: in _make_request
    raise new_e
.venv/lib/python3.14/site-packages/urllib3/connectionpool.py:464: in _make_request
    self._validate_conn(conn)
.venv/lib/python3.14/site-packages/urllib3/connectionpool.py:1093: in _validate_conn
    conn.connect()
.venv/lib/python3.14/site-packages/urllib3/connection.py:759: in connect
    self.sock = sock = self._new_conn()
                       ^^^^^^^^^^^^^^^^
_ _ _ _ _ _ _ _ _ _ _ _ _ _ _ _ _ _ _ _ _ _ _ _ _ _ _ _ _ _ _ _ _ _ _ _ _ _ _ _ 

self = <HTTPSConnection(host='api.dev-cinescope.coconutqa.rumovies', port=443) at 0x10ec23250>

    def _new_conn(self) -> socket.socket:
        """Establish a socket connection and set nodelay settings on it.
    
        :return: New socket connection.
        """
        try:
            sock = connection.create_connection(
                (self._dns_host, self.port),
                self.timeout,
                source_address=self.source_address,
                socket_options=self.socket_options,
            )
        except socket.gaierror as e:
>           raise NameResolutionError(self.host, self, e) from e
E           urllib3.exceptions.NameResolutionError: HTTPSConnection(host='api.dev-cinescope.coconutqa.rumovies', port=443): Failed to resolve 'api.dev-cinescope.coconutqa.rumovies' ([Errno 8] nodename nor servname provided, or not known)

.venv/lib/python3.14/site-packages/urllib3/connection.py:211: NameResolutionError

The above exception was the direct cause of the following exception:

self = <requests.adapters.HTTPAdapter object at 0x10e6fcd70>
request = <PreparedRequest [GET]>, stream = False
timeout = Timeout(connect=None, read=None, total=None), verify = True
cert = None, proxies = OrderedDict()

    def send(
        self, request, stream=False, timeout=None, verify=True, cert=None, proxies=None
    ):
        """Sends PreparedRequest object. Returns Response object.
    
        :param request: The :class:`PreparedRequest <PreparedRequest>` being sent.
        :param stream: (optional) Whether to stream the request content.
        :param timeout: (optional) How long to wait for the server to send
            data before giving up, as a float, or a :ref:`(connect timeout,
            read timeout) <timeouts>` tuple.
        :type timeout: float or tuple or urllib3 Timeout object
        :param verify: (optional) Either a boolean, in which case it controls whether
            we verify the server's TLS certificate, or a string, in which case it
            must be a path to a CA bundle to use
        :param cert: (optional) Any user-provided SSL certificate to be trusted.
        :param proxies: (optional) The proxies dictionary to apply to the request.
        :rtype: requests.Response
        """
    
        try:
            conn = self.get_connection_with_tls_context(
                request, verify, proxies=proxies, cert=cert
            )
        except LocationValueError as e:
            raise InvalidURL(e, request=request)
    
        self.cert_verify(conn, request.url, verify, cert)
        url = self.request_url(request, proxies)
        self.add_headers(
            request,
            stream=stream,
            timeout=timeout,
            verify=verify,
            cert=cert,
            proxies=proxies,
        )
    
        chunked = not (request.body is None or "Content-Length" in request.headers)
    
        if isinstance(timeout, tuple):
            try:
                connect, read = timeout
                timeout = TimeoutSauce(connect=connect, read=read)
            except ValueError:
                raise ValueError(
                    f"Invalid timeout {timeout}. Pass a (connect, read) timeout tuple, "
                    f"or a single float to set both timeouts to the same value."
                )
        elif isinstance(timeout, TimeoutSauce):
            pass
        else:
            timeout = TimeoutSauce(connect=timeout, read=timeout)
    
        try:
>           resp = conn.urlopen(
                method=request.method,
                url=url,
                body=request.body,
                headers=request.headers,
                redirect=False,
                assert_same_host=False,
                preload_content=False,
                decode_content=False,
                retries=self.max_retries,
                timeout=timeout,
                chunked=chunked,
            )

.venv/lib/python3.14/site-packages/requests/adapters.py:645: 
_ _ _ _ _ _ _ _ _ _ _ _ _ _ _ _ _ _ _ _ _ _ _ _ _ _ _ _ _ _ _ _ _ _ _ _ _ _ _ _ 
.venv/lib/python3.14/site-packages/urllib3/connectionpool.py:841: in urlopen
    retries = retries.increment(
_ _ _ _ _ _ _ _ _ _ _ _ _ _ _ _ _ _ _ _ _ _ _ _ _ _ _ _ _ _ _ _ _ _ _ _ _ _ _ _ 

self = Retry(total=0, connect=None, read=False, redirect=None, status=None)
method = 'GET', url = '/?pageSize=10', response = None
error = NameResolutionError("HTTPSConnection(host='api.dev-cinescope.coconutqa.rumovies', port=443): Failed to resolve 'api.dev-cinescope.coconutqa.rumovies' ([Errno 8] nodename nor servname provided, or not known)")
_pool = <urllib3.connectionpool.HTTPSConnectionPool object at 0x10ec211d0>
_stacktrace = <traceback object at 0x10f0b9400>

    def increment(
        self,
        method: str | None = None,
        url: str | None = None,
        response: BaseHTTPResponse | None = None,
        error: Exception | None = None,
        _pool: ConnectionPool | None = None,
        _stacktrace: TracebackType | None = None,
    ) -> Self:
        """Return a new Retry object with incremented retry counters.
    
        :param response: A response object, or None, if the server did not
            return a response.
        :type response: :class:`~urllib3.response.BaseHTTPResponse`
        :param Exception error: An error encountered during the request, or
            None if the response was received successfully.
    
        :return: A new ``Retry`` object.
        """
        if self.total is False and error:
            # Disabled, indicate to re-raise the error.
            raise reraise(type(error), error, _stacktrace)
    
        total = self.total
        if total is not None:
            total -= 1
    
        connect = self.connect
        read = self.read
        redirect = self.redirect
        status_count = self.status
        other = self.other
        cause = "unknown"
        status = None
        redirect_location = None
    
        if error and self._is_connection_error(error):
            # Connect retry?
            if connect is False:
                raise reraise(type(error), error, _stacktrace)
            elif connect is not None:
                connect -= 1
    
        elif error and self._is_read_error(error):
            # Read retry?
            if read is False or method is None or not self._is_method_retryable(method):
                raise reraise(type(error), error, _stacktrace)
            elif read is not None:
                read -= 1
    
        elif error:
            # Other retry?
            if other is not None:
                other -= 1
    
        elif response and response.get_redirect_location():
            # Redirect retry?
            if redirect is not None:
                redirect -= 1
            cause = "too many redirects"
            response_redirect_location = response.get_redirect_location()
            if response_redirect_location:
                redirect_location = response_redirect_location
            status = response.status
    
        else:
            # Incrementing because of a server error like a 500 in
            # status_forcelist and the given method is in the allowed_methods
            cause = ResponseError.GENERIC_ERROR
            if response and response.status:
                if status_count is not None:
                    status_count -= 1
                cause = ResponseError.SPECIFIC_ERROR.format(status_code=response.status)
                status = response.status
    
        history = self.history + (
            RequestHistory(method, url, error, status, redirect_location),
        )
    
        new_retry = self.new(
            total=total,
            connect=connect,
            read=read,
            redirect=redirect,
            status=status_count,
            other=other,
            history=history,
        )
    
        if new_retry.is_exhausted():
            reason = error or ResponseError(cause)
>           raise MaxRetryError(_pool, url, reason) from reason  # type: ignore[arg-type]
            ^^^^^^^^^^^^^^^^^^^^^^^^^^^^^^^^^^^^^^^^^^^^^^^^^^^
E           urllib3.exceptions.MaxRetryError: HTTPSConnectionPool(host='api.dev-cinescope.coconutqa.rumovies', port=443): Max retries exceeded with url: /?pageSize=10 (Caused by NameResolutionError("HTTPSConnection(host='api.dev-cinescope.coconutqa.rumovies', port=443): Failed to resolve 'api.dev-cinescope.coconutqa.rumovies' ([Errno 8] nodename nor servname provided, or not known)"))

.venv/lib/python3.14/site-packages/urllib3/util/retry.py:535: MaxRetryError

During handling of the above exception, another exception occurred:

self = <tests.api.test_movies.TestMovies object at 0x10ec045a0>
api_manager = <clients.api_manager.ApiManager object at 0x10e6fc6e0>
param_name = 'pageSize', param_value = 10

    @allure.title("GET /movies с фильтром {param_name}={param_value}")
    @allure.severity(allure.severity_level.NORMAL)
    @pytest.mark.regression
    @pytest.mark.parametrize("param_name,param_value", [
        ("page", 1),
        ("pageSize", 5),
        ("pageSize", 10),
        ("published", True),
        ("published", False),
    ], ids=[
        "page=1",
        "pageSize=5",
        "pageSize=10",
        "published=true",
        "published=false",
    ])
    def test_get_movies_with_filter(self, api_manager, param_name, param_value):
        with allure.step(f"Отправить GET /movies?{param_name}={param_value}"):
>           response = api_manager.movies_api.get_movies(
                params={param_name: param_value}
            )

tests/api/test_movies.py:105: 
_ _ _ _ _ _ _ _ _ _ _ _ _ _ _ _ _ _ _ _ _ _ _ _ _ _ _ _ _ _ _ _ _ _ _ _ _ _ _ _ 
clients/movies_api.py:11: in get_movies
    return self.send_request("GET", "movies", params=params)
           ^^^^^^^^^^^^^^^^^^^^^^^^^^^^^^^^^^^^^^^^^^^^^^^^^
clients/custom_requester.py:24: in send_request
    response = self.session.request(method, url, json=data, params=params)
               ^^^^^^^^^^^^^^^^^^^^^^^^^^^^^^^^^^^^^^^^^^^^^^^^^^^^^^^^^^^
.venv/lib/python3.14/site-packages/requests/sessions.py:592: in request
    resp = self.send(prep, **send_kwargs)
           ^^^^^^^^^^^^^^^^^^^^^^^^^^^^^^
.venv/lib/python3.14/site-packages/requests/sessions.py:706: in send
    r = adapter.send(request, **kwargs)
        ^^^^^^^^^^^^^^^^^^^^^^^^^^^^^^^
_ _ _ _ _ _ _ _ _ _ _ _ _ _ _ _ _ _ _ _ _ _ _ _ _ _ _ _ _ _ _ _ _ _ _ _ _ _ _ _ 

self = <requests.adapters.HTTPAdapter object at 0x10e6fcd70>
request = <PreparedRequest [GET]>, stream = False
timeout = Timeout(connect=None, read=None, total=None), verify = True
cert = None, proxies = OrderedDict()

    def send(
        self, request, stream=False, timeout=None, verify=True, cert=None, proxies=None
    ):
        """Sends PreparedRequest object. Returns Response object.
    
        :param request: The :class:`PreparedRequest <PreparedRequest>` being sent.
        :param stream: (optional) Whether to stream the request content.
        :param timeout: (optional) How long to wait for the server to send
            data before giving up, as a float, or a :ref:`(connect timeout,
            read timeout) <timeouts>` tuple.
        :type timeout: float or tuple or urllib3 Timeout object
        :param verify: (optional) Either a boolean, in which case it controls whether
            we verify the server's TLS certificate, or a string, in which case it
            must be a path to a CA bundle to use
        :param cert: (optional) Any user-provided SSL certificate to be trusted.
        :param proxies: (optional) The proxies dictionary to apply to the request.
        :rtype: requests.Response
        """
    
        try:
            conn = self.get_connection_with_tls_context(
                request, verify, proxies=proxies, cert=cert
            )
        except LocationValueError as e:
            raise InvalidURL(e, request=request)
    
        self.cert_verify(conn, request.url, verify, cert)
        url = self.request_url(request, proxies)
        self.add_headers(
            request,
            stream=stream,
            timeout=timeout,
            verify=verify,
            cert=cert,
            proxies=proxies,
        )
    
        chunked = not (request.body is None or "Content-Length" in request.headers)
    
        if isinstance(timeout, tuple):
            try:
                connect, read = timeout
                timeout = TimeoutSauce(connect=connect, read=read)
            except ValueError:
                raise ValueError(
                    f"Invalid timeout {timeout}. Pass a (connect, read) timeout tuple, "
                    f"or a single float to set both timeouts to the same value."
                )
        elif isinstance(timeout, TimeoutSauce):
            pass
        else:
            timeout = TimeoutSauce(connect=timeout, read=timeout)
    
        try:
            resp = conn.urlopen(
                method=request.method,
                url=url,
                body=request.body,
                headers=request.headers,
                redirect=False,
                assert_same_host=False,
                preload_content=False,
                decode_content=False,
                retries=self.max_retries,
                timeout=timeout,
                chunked=chunked,
            )
    
        except (ProtocolError, OSError) as err:
            raise ConnectionError(err, request=request)
    
        except MaxRetryError as e:
            if isinstance(e.reason, ConnectTimeoutError):
                # TODO: Remove this in 3.0.0: see #2811
                if not isinstance(e.reason, NewConnectionError):
                    raise ConnectTimeout(e, request=request)
    
            if isinstance(e.reason, ResponseError):
                raise RetryError(e, request=request)
    
            if isinstance(e.reason, _ProxyError):
                raise ProxyError(e, request=request)
    
            if isinstance(e.reason, _SSLError):
                # This branch is for urllib3 v1.22 and later.
                raise SSLError(e, request=request)
    
>           raise ConnectionError(e, request=request)
E           requests.exceptions.ConnectionError: HTTPSConnectionPool(host='api.dev-cinescope.coconutqa.rumovies', port=443): Max retries exceeded with url: /?pageSize=10 (Caused by NameResolutionError("HTTPSConnection(host='api.dev-cinescope.coconutqa.rumovies', port=443): Failed to resolve 'api.dev-cinescope.coconutqa.rumovies' ([Errno 8] nodename nor servname provided, or not known)"))

.venv/lib/python3.14/site-packages/requests/adapters.py:678: ConnectionError
____________ TestMovies.test_get_movies_with_filter[published=true] ____________

self = <HTTPSConnection(host='api.dev-cinescope.coconutqa.rumovies', port=443) at 0x10ec20910>

    def _new_conn(self) -> socket.socket:
        """Establish a socket connection and set nodelay settings on it.
    
        :return: New socket connection.
        """
        try:
>           sock = connection.create_connection(
                (self._dns_host, self.port),
                self.timeout,
                source_address=self.source_address,
                socket_options=self.socket_options,
            )

.venv/lib/python3.14/site-packages/urllib3/connection.py:204: 
_ _ _ _ _ _ _ _ _ _ _ _ _ _ _ _ _ _ _ _ _ _ _ _ _ _ _ _ _ _ _ _ _ _ _ _ _ _ _ _ 
.venv/lib/python3.14/site-packages/urllib3/util/connection.py:60: in create_connection
    for res in socket.getaddrinfo(host, port, family, socket.SOCK_STREAM):
               ^^^^^^^^^^^^^^^^^^^^^^^^^^^^^^^^^^^^^^^^^^^^^^^^^^^^^^^^^^
_ _ _ _ _ _ _ _ _ _ _ _ _ _ _ _ _ _ _ _ _ _ _ _ _ _ _ _ _ _ _ _ _ _ _ _ _ _ _ _ 

host = 'api.dev-cinescope.coconutqa.rumovies', port = 443
family = <AddressFamily.AF_UNSPEC: 0>, type = <SocketKind.SOCK_STREAM: 1>
proto = 0, flags = 0

    def getaddrinfo(host, port, family=0, type=0, proto=0, flags=0):
        """Resolve host and port into list of address info entries.
    
        Translate the host/port argument into a sequence of 5-tuples that contain
        all the necessary arguments for creating a socket connected to that service.
        host is a domain name, a string representation of an IPv4/v6 address or
        None. port is a string service name such as 'http', a numeric port number or
        None. By passing None as the value of host and port, you can pass NULL to
        the underlying C API.
    
        The family, type and proto arguments can be optionally specified in order to
        narrow the list of addresses returned. Passing zero as a value for each of
        these arguments selects the full range of results.
        """
        # We override this function since we want to translate the numeric family
        # and socket type values to enum constants.
        addrlist = []
>       for res in _socket.getaddrinfo(host, port, family, type, proto, flags):
                   ^^^^^^^^^^^^^^^^^^^^^^^^^^^^^^^^^^^^^^^^^^^^^^^^^^^^^^^^^^^
E       socket.gaierror: [Errno 8] nodename nor servname provided, or not known

/Library/Frameworks/Python.framework/Versions/3.14/lib/python3.14/socket.py:983: gaierror

The above exception was the direct cause of the following exception:

self = <urllib3.connectionpool.HTTPSConnectionPool object at 0x10ec211d0>
method = 'GET', url = '/?published=True', body = None
headers = {'User-Agent': 'python-requests/2.33.1', 'Accept-Encoding': 'gzip, deflate, zstd', 'Accept': 'application/json', 'Conn...JTiJdLCJ2ZXJpZmllZCI6dHJ1ZSwiaWF0IjoxNzgwNzQzMjQ1LCJleHAiOjE3ODA3NDUwNDV9.qog6lqFhpacrqA6yoCHfrvtRVbUmBv8czcVLhNBqMsY'}
retries = Retry(total=0, connect=None, read=False, redirect=None, status=None)
redirect = False, assert_same_host = False
timeout = Timeout(connect=None, read=None, total=None), pool_timeout = None
release_conn = False, chunked = False, body_pos = None, preload_content = False
decode_content = False, response_kw = {}
parsed_url = Url(scheme=None, auth=None, host=None, port=None, path='/', query='published=True', fragment=None)
destination_scheme = None, conn = None, release_this_conn = True
http_tunnel_required = False, err = None, clean_exit = False

    def urlopen(  # type: ignore[override]
        self,
        method: str,
        url: str,
        body: _TYPE_BODY | None = None,
        headers: typing.Mapping[str, str] | None = None,
        retries: Retry | bool | int | None = None,
        redirect: bool = True,
        assert_same_host: bool = True,
        timeout: _TYPE_TIMEOUT = _DEFAULT_TIMEOUT,
        pool_timeout: int | None = None,
        release_conn: bool | None = None,
        chunked: bool = False,
        body_pos: _TYPE_BODY_POSITION | None = None,
        preload_content: bool = True,
        decode_content: bool = True,
        **response_kw: typing.Any,
    ) -> BaseHTTPResponse:
        """
        Get a connection from the pool and perform an HTTP request. This is the
        lowest level call for making a request, so you'll need to specify all
        the raw details.
    
        .. note::
    
           More commonly, it's appropriate to use a convenience method
           such as :meth:`request`.
    
        .. note::
    
           `release_conn` will only behave as expected if
           `preload_content=False` because we want to make
           `preload_content=False` the default behaviour someday soon without
           breaking backwards compatibility.
    
        :param method:
            HTTP request method (such as GET, POST, PUT, etc.)
    
        :param url:
            The URL to perform the request on.
    
        :param body:
            Data to send in the request body, either :class:`str`, :class:`bytes`,
            an iterable of :class:`str`/:class:`bytes`, or a file-like object.
    
        :param headers:
            Dictionary of custom headers to send, such as User-Agent,
            If-None-Match, etc. If None, pool headers are used. If provided,
            these headers completely replace any pool-specific headers.
    
        :param retries:
            Configure the number of retries to allow before raising a
            :class:`~urllib3.exceptions.MaxRetryError` exception.
    
            If ``None`` (default) will retry 3 times, see ``Retry.DEFAULT``. Pass a
            :class:`~urllib3.util.retry.Retry` object for fine-grained control
            over different types of retries.
            Pass an integer number to retry connection errors that many times,
            but no other types of errors. Pass zero to never retry.
    
            If ``False``, then retries are disabled and any exception is raised
            immediately. Also, instead of raising a MaxRetryError on redirects,
            the redirect response will be returned.
    
        :type retries: :class:`~urllib3.util.retry.Retry`, False, or an int.
    
        :param redirect:
            If True, automatically handle redirects (status codes 301, 302,
            303, 307, 308). Each redirect counts as a retry. Disabling retries
            will disable redirect, too.
    
        :param assert_same_host:
            If ``True``, will make sure that the host of the pool requests is
            consistent else will raise HostChangedError. When ``False``, you can
            use the pool on an HTTP proxy and request foreign hosts.
    
        :param timeout:
            If specified, overrides the default timeout for this one
            request. It may be a float (in seconds) or an instance of
            :class:`urllib3.util.Timeout`.
    
        :param pool_timeout:
            If set and the pool is set to block=True, then this method will
            block for ``pool_timeout`` seconds and raise EmptyPoolError if no
            connection is available within the time period.
    
        :param bool preload_content:
            If True, the response's body will be preloaded into memory.
    
        :param bool decode_content:
            If True, will attempt to decode the body based on the
            'content-encoding' header.
    
        :param release_conn:
            If False, then the urlopen call will not release the connection
            back into the pool once a response is received (but will release if
            you read the entire contents of the response such as when
            `preload_content=True`). This is useful if you're not preloading
            the response's content immediately. You will need to call
            ``r.release_conn()`` on the response ``r`` to return the connection
            back into the pool. If None, it takes the value of ``preload_content``
            which defaults to ``True``.
    
        :param bool chunked:
            If True, urllib3 will send the body using chunked transfer
            encoding. Otherwise, urllib3 will send the body using the standard
            content-length form. Defaults to False.
    
        :param int body_pos:
            Position to seek to in file-like body in the event of a retry or
            redirect. Typically this won't need to be set because urllib3 will
            auto-populate the value when needed.
        """
        parsed_url = parse_url(url)
        destination_scheme = parsed_url.scheme
    
        if headers is None:
            headers = self.headers
    
        if not isinstance(retries, Retry):
            retries = Retry.from_int(retries, redirect=redirect, default=self.retries)
    
        if release_conn is None:
            release_conn = preload_content
    
        # Check host
        if assert_same_host and not self.is_same_host(url):
            raise HostChangedError(self, url, retries)
    
        # Ensure that the URL we're connecting to is properly encoded
        if url.startswith("/"):
            url = to_str(_encode_target(url))
        else:
            url = to_str(parsed_url.url)
    
        conn = None
    
        # Track whether `conn` needs to be released before
        # returning/raising/recursing. Update this variable if necessary, and
        # leave `release_conn` constant throughout the function. That way, if
        # the function recurses, the original value of `release_conn` will be
        # passed down into the recursive call, and its value will be respected.
        #
        # See issue #651 [1] for details.
        #
        # [1] <https://github.com/urllib3/urllib3/issues/651>
        release_this_conn = release_conn
    
        http_tunnel_required = connection_requires_http_tunnel(
            self.proxy, self.proxy_config, destination_scheme
        )
    
        # Merge the proxy headers. Only done when not using HTTP CONNECT. We
        # have to copy the headers dict so we can safely change it without those
        # changes being reflected in anyone else's copy.
        if not http_tunnel_required:
            headers = headers.copy()  # type: ignore[attr-defined]
            headers.update(self.proxy_headers)  # type: ignore[union-attr]
    
        # Must keep the exception bound to a separate variable or else Python 3
        # complains about UnboundLocalError.
        err = None
    
        # Keep track of whether we cleanly exited the except block. This
        # ensures we do proper cleanup in finally.
        clean_exit = False
    
        # Rewind body position, if needed. Record current position
        # for future rewinds in the event of a redirect/retry.
        body_pos = set_file_position(body, body_pos)
    
        try:
            # Request a connection from the queue.
            timeout_obj = self._get_timeout(timeout)
            conn = self._get_conn(timeout=pool_timeout)
    
            conn.timeout = timeout_obj.connect_timeout  # type: ignore[assignment]
    
            # Is this a closed/new connection that requires CONNECT tunnelling?
            if self.proxy is not None and http_tunnel_required and conn.is_closed:
                try:
                    self._prepare_proxy(conn)
                except (BaseSSLError, OSError, SocketTimeout) as e:
                    self._raise_timeout(
                        err=e, url=self.proxy.url, timeout_value=conn.timeout
                    )
                    raise
    
            # If we're going to release the connection in ``finally:``, then
            # the response doesn't need to know about the connection. Otherwise
            # it will also try to release it and we'll have a double-release
            # mess.
            response_conn = conn if not release_conn else None
    
            # Make the request on the HTTPConnection object
>           response = self._make_request(
                conn,
                method,
                url,
                timeout=timeout_obj,
                body=body,
                headers=headers,
                chunked=chunked,
                retries=retries,
                response_conn=response_conn,
                preload_content=preload_content,
                decode_content=decode_content,
                **response_kw,
            )

.venv/lib/python3.14/site-packages/urllib3/connectionpool.py:787: 
_ _ _ _ _ _ _ _ _ _ _ _ _ _ _ _ _ _ _ _ _ _ _ _ _ _ _ _ _ _ _ _ _ _ _ _ _ _ _ _ 
.venv/lib/python3.14/site-packages/urllib3/connectionpool.py:488: in _make_request
    raise new_e
.venv/lib/python3.14/site-packages/urllib3/connectionpool.py:464: in _make_request
    self._validate_conn(conn)
.venv/lib/python3.14/site-packages/urllib3/connectionpool.py:1093: in _validate_conn
    conn.connect()
.venv/lib/python3.14/site-packages/urllib3/connection.py:759: in connect
    self.sock = sock = self._new_conn()
                       ^^^^^^^^^^^^^^^^
_ _ _ _ _ _ _ _ _ _ _ _ _ _ _ _ _ _ _ _ _ _ _ _ _ _ _ _ _ _ _ _ _ _ _ _ _ _ _ _ 

self = <HTTPSConnection(host='api.dev-cinescope.coconutqa.rumovies', port=443) at 0x10ec20910>

    def _new_conn(self) -> socket.socket:
        """Establish a socket connection and set nodelay settings on it.
    
        :return: New socket connection.
        """
        try:
            sock = connection.create_connection(
                (self._dns_host, self.port),
                self.timeout,
                source_address=self.source_address,
                socket_options=self.socket_options,
            )
        except socket.gaierror as e:
>           raise NameResolutionError(self.host, self, e) from e
E           urllib3.exceptions.NameResolutionError: HTTPSConnection(host='api.dev-cinescope.coconutqa.rumovies', port=443): Failed to resolve 'api.dev-cinescope.coconutqa.rumovies' ([Errno 8] nodename nor servname provided, or not known)

.venv/lib/python3.14/site-packages/urllib3/connection.py:211: NameResolutionError

The above exception was the direct cause of the following exception:

self = <requests.adapters.HTTPAdapter object at 0x10e6fcd70>
request = <PreparedRequest [GET]>, stream = False
timeout = Timeout(connect=None, read=None, total=None), verify = True
cert = None, proxies = OrderedDict()

    def send(
        self, request, stream=False, timeout=None, verify=True, cert=None, proxies=None
    ):
        """Sends PreparedRequest object. Returns Response object.
    
        :param request: The :class:`PreparedRequest <PreparedRequest>` being sent.
        :param stream: (optional) Whether to stream the request content.
        :param timeout: (optional) How long to wait for the server to send
            data before giving up, as a float, or a :ref:`(connect timeout,
            read timeout) <timeouts>` tuple.
        :type timeout: float or tuple or urllib3 Timeout object
        :param verify: (optional) Either a boolean, in which case it controls whether
            we verify the server's TLS certificate, or a string, in which case it
            must be a path to a CA bundle to use
        :param cert: (optional) Any user-provided SSL certificate to be trusted.
        :param proxies: (optional) The proxies dictionary to apply to the request.
        :rtype: requests.Response
        """
    
        try:
            conn = self.get_connection_with_tls_context(
                request, verify, proxies=proxies, cert=cert
            )
        except LocationValueError as e:
            raise InvalidURL(e, request=request)
    
        self.cert_verify(conn, request.url, verify, cert)
        url = self.request_url(request, proxies)
        self.add_headers(
            request,
            stream=stream,
            timeout=timeout,
            verify=verify,
            cert=cert,
            proxies=proxies,
        )
    
        chunked = not (request.body is None or "Content-Length" in request.headers)
    
        if isinstance(timeout, tuple):
            try:
                connect, read = timeout
                timeout = TimeoutSauce(connect=connect, read=read)
            except ValueError:
                raise ValueError(
                    f"Invalid timeout {timeout}. Pass a (connect, read) timeout tuple, "
                    f"or a single float to set both timeouts to the same value."
                )
        elif isinstance(timeout, TimeoutSauce):
            pass
        else:
            timeout = TimeoutSauce(connect=timeout, read=timeout)
    
        try:
>           resp = conn.urlopen(
                method=request.method,
                url=url,
                body=request.body,
                headers=request.headers,
                redirect=False,
                assert_same_host=False,
                preload_content=False,
                decode_content=False,
                retries=self.max_retries,
                timeout=timeout,
                chunked=chunked,
            )

.venv/lib/python3.14/site-packages/requests/adapters.py:645: 
_ _ _ _ _ _ _ _ _ _ _ _ _ _ _ _ _ _ _ _ _ _ _ _ _ _ _ _ _ _ _ _ _ _ _ _ _ _ _ _ 
.venv/lib/python3.14/site-packages/urllib3/connectionpool.py:841: in urlopen
    retries = retries.increment(
_ _ _ _ _ _ _ _ _ _ _ _ _ _ _ _ _ _ _ _ _ _ _ _ _ _ _ _ _ _ _ _ _ _ _ _ _ _ _ _ 

self = Retry(total=0, connect=None, read=False, redirect=None, status=None)
method = 'GET', url = '/?published=True', response = None
error = NameResolutionError("HTTPSConnection(host='api.dev-cinescope.coconutqa.rumovies', port=443): Failed to resolve 'api.dev-cinescope.coconutqa.rumovies' ([Errno 8] nodename nor servname provided, or not known)")
_pool = <urllib3.connectionpool.HTTPSConnectionPool object at 0x10ec211d0>
_stacktrace = <traceback object at 0x10f04e100>

    def increment(
        self,
        method: str | None = None,
        url: str | None = None,
        response: BaseHTTPResponse | None = None,
        error: Exception | None = None,
        _pool: ConnectionPool | None = None,
        _stacktrace: TracebackType | None = None,
    ) -> Self:
        """Return a new Retry object with incremented retry counters.
    
        :param response: A response object, or None, if the server did not
            return a response.
        :type response: :class:`~urllib3.response.BaseHTTPResponse`
        :param Exception error: An error encountered during the request, or
            None if the response was received successfully.
    
        :return: A new ``Retry`` object.
        """
        if self.total is False and error:
            # Disabled, indicate to re-raise the error.
            raise reraise(type(error), error, _stacktrace)
    
        total = self.total
        if total is not None:
            total -= 1
    
        connect = self.connect
        read = self.read
        redirect = self.redirect
        status_count = self.status
        other = self.other
        cause = "unknown"
        status = None
        redirect_location = None
    
        if error and self._is_connection_error(error):
            # Connect retry?
            if connect is False:
                raise reraise(type(error), error, _stacktrace)
            elif connect is not None:
                connect -= 1
    
        elif error and self._is_read_error(error):
            # Read retry?
            if read is False or method is None or not self._is_method_retryable(method):
                raise reraise(type(error), error, _stacktrace)
            elif read is not None:
                read -= 1
    
        elif error:
            # Other retry?
            if other is not None:
                other -= 1
    
        elif response and response.get_redirect_location():
            # Redirect retry?
            if redirect is not None:
                redirect -= 1
            cause = "too many redirects"
            response_redirect_location = response.get_redirect_location()
            if response_redirect_location:
                redirect_location = response_redirect_location
            status = response.status
    
        else:
            # Incrementing because of a server error like a 500 in
            # status_forcelist and the given method is in the allowed_methods
            cause = ResponseError.GENERIC_ERROR
            if response and response.status:
                if status_count is not None:
                    status_count -= 1
                cause = ResponseError.SPECIFIC_ERROR.format(status_code=response.status)
                status = response.status
    
        history = self.history + (
            RequestHistory(method, url, error, status, redirect_location),
        )
    
        new_retry = self.new(
            total=total,
            connect=connect,
            read=read,
            redirect=redirect,
            status=status_count,
            other=other,
            history=history,
        )
    
        if new_retry.is_exhausted():
            reason = error or ResponseError(cause)
>           raise MaxRetryError(_pool, url, reason) from reason  # type: ignore[arg-type]
            ^^^^^^^^^^^^^^^^^^^^^^^^^^^^^^^^^^^^^^^^^^^^^^^^^^^
E           urllib3.exceptions.MaxRetryError: HTTPSConnectionPool(host='api.dev-cinescope.coconutqa.rumovies', port=443): Max retries exceeded with url: /?published=True (Caused by NameResolutionError("HTTPSConnection(host='api.dev-cinescope.coconutqa.rumovies', port=443): Failed to resolve 'api.dev-cinescope.coconutqa.rumovies' ([Errno 8] nodename nor servname provided, or not known)"))

.venv/lib/python3.14/site-packages/urllib3/util/retry.py:535: MaxRetryError

During handling of the above exception, another exception occurred:

self = <tests.api.test_movies.TestMovies object at 0x10e693850>
api_manager = <clients.api_manager.ApiManager object at 0x10e6fc6e0>
param_name = 'published', param_value = True

    @allure.title("GET /movies с фильтром {param_name}={param_value}")
    @allure.severity(allure.severity_level.NORMAL)
    @pytest.mark.regression
    @pytest.mark.parametrize("param_name,param_value", [
        ("page", 1),
        ("pageSize", 5),
        ("pageSize", 10),
        ("published", True),
        ("published", False),
    ], ids=[
        "page=1",
        "pageSize=5",
        "pageSize=10",
        "published=true",
        "published=false",
    ])
    def test_get_movies_with_filter(self, api_manager, param_name, param_value):
        with allure.step(f"Отправить GET /movies?{param_name}={param_value}"):
>           response = api_manager.movies_api.get_movies(
                params={param_name: param_value}
            )

tests/api/test_movies.py:105: 
_ _ _ _ _ _ _ _ _ _ _ _ _ _ _ _ _ _ _ _ _ _ _ _ _ _ _ _ _ _ _ _ _ _ _ _ _ _ _ _ 
clients/movies_api.py:11: in get_movies
    return self.send_request("GET", "movies", params=params)
           ^^^^^^^^^^^^^^^^^^^^^^^^^^^^^^^^^^^^^^^^^^^^^^^^^
clients/custom_requester.py:24: in send_request
    response = self.session.request(method, url, json=data, params=params)
               ^^^^^^^^^^^^^^^^^^^^^^^^^^^^^^^^^^^^^^^^^^^^^^^^^^^^^^^^^^^
.venv/lib/python3.14/site-packages/requests/sessions.py:592: in request
    resp = self.send(prep, **send_kwargs)
           ^^^^^^^^^^^^^^^^^^^^^^^^^^^^^^
.venv/lib/python3.14/site-packages/requests/sessions.py:706: in send
    r = adapter.send(request, **kwargs)
        ^^^^^^^^^^^^^^^^^^^^^^^^^^^^^^^
_ _ _ _ _ _ _ _ _ _ _ _ _ _ _ _ _ _ _ _ _ _ _ _ _ _ _ _ _ _ _ _ _ _ _ _ _ _ _ _ 

self = <requests.adapters.HTTPAdapter object at 0x10e6fcd70>
request = <PreparedRequest [GET]>, stream = False
timeout = Timeout(connect=None, read=None, total=None), verify = True
cert = None, proxies = OrderedDict()

    def send(
        self, request, stream=False, timeout=None, verify=True, cert=None, proxies=None
    ):
        """Sends PreparedRequest object. Returns Response object.
    
        :param request: The :class:`PreparedRequest <PreparedRequest>` being sent.
        :param stream: (optional) Whether to stream the request content.
        :param timeout: (optional) How long to wait for the server to send
            data before giving up, as a float, or a :ref:`(connect timeout,
            read timeout) <timeouts>` tuple.
        :type timeout: float or tuple or urllib3 Timeout object
        :param verify: (optional) Either a boolean, in which case it controls whether
            we verify the server's TLS certificate, or a string, in which case it
            must be a path to a CA bundle to use
        :param cert: (optional) Any user-provided SSL certificate to be trusted.
        :param proxies: (optional) The proxies dictionary to apply to the request.
        :rtype: requests.Response
        """
    
        try:
            conn = self.get_connection_with_tls_context(
                request, verify, proxies=proxies, cert=cert
            )
        except LocationValueError as e:
            raise InvalidURL(e, request=request)
    
        self.cert_verify(conn, request.url, verify, cert)
        url = self.request_url(request, proxies)
        self.add_headers(
            request,
            stream=stream,
            timeout=timeout,
            verify=verify,
            cert=cert,
            proxies=proxies,
        )
    
        chunked = not (request.body is None or "Content-Length" in request.headers)
    
        if isinstance(timeout, tuple):
            try:
                connect, read = timeout
                timeout = TimeoutSauce(connect=connect, read=read)
            except ValueError:
                raise ValueError(
                    f"Invalid timeout {timeout}. Pass a (connect, read) timeout tuple, "
                    f"or a single float to set both timeouts to the same value."
                )
        elif isinstance(timeout, TimeoutSauce):
            pass
        else:
            timeout = TimeoutSauce(connect=timeout, read=timeout)
    
        try:
            resp = conn.urlopen(
                method=request.method,
                url=url,
                body=request.body,
                headers=request.headers,
                redirect=False,
                assert_same_host=False,
                preload_content=False,
                decode_content=False,
                retries=self.max_retries,
                timeout=timeout,
                chunked=chunked,
            )
    
        except (ProtocolError, OSError) as err:
            raise ConnectionError(err, request=request)
    
        except MaxRetryError as e:
            if isinstance(e.reason, ConnectTimeoutError):
                # TODO: Remove this in 3.0.0: see #2811
                if not isinstance(e.reason, NewConnectionError):
                    raise ConnectTimeout(e, request=request)
    
            if isinstance(e.reason, ResponseError):
                raise RetryError(e, request=request)
    
            if isinstance(e.reason, _ProxyError):
                raise ProxyError(e, request=request)
    
            if isinstance(e.reason, _SSLError):
                # This branch is for urllib3 v1.22 and later.
                raise SSLError(e, request=request)
    
>           raise ConnectionError(e, request=request)
E           requests.exceptions.ConnectionError: HTTPSConnectionPool(host='api.dev-cinescope.coconutqa.rumovies', port=443): Max retries exceeded with url: /?published=True (Caused by NameResolutionError("HTTPSConnection(host='api.dev-cinescope.coconutqa.rumovies', port=443): Failed to resolve 'api.dev-cinescope.coconutqa.rumovies' ([Errno 8] nodename nor servname provided, or not known)"))

.venv/lib/python3.14/site-packages/requests/adapters.py:678: ConnectionError
___________ TestMovies.test_get_movies_with_filter[published=false] ____________

self = <HTTPSConnection(host='api.dev-cinescope.coconutqa.rumovies', port=443) at 0x10ec225d0>

    def _new_conn(self) -> socket.socket:
        """Establish a socket connection and set nodelay settings on it.
    
        :return: New socket connection.
        """
        try:
>           sock = connection.create_connection(
                (self._dns_host, self.port),
                self.timeout,
                source_address=self.source_address,
                socket_options=self.socket_options,
            )

.venv/lib/python3.14/site-packages/urllib3/connection.py:204: 
_ _ _ _ _ _ _ _ _ _ _ _ _ _ _ _ _ _ _ _ _ _ _ _ _ _ _ _ _ _ _ _ _ _ _ _ _ _ _ _ 
.venv/lib/python3.14/site-packages/urllib3/util/connection.py:60: in create_connection
    for res in socket.getaddrinfo(host, port, family, socket.SOCK_STREAM):
               ^^^^^^^^^^^^^^^^^^^^^^^^^^^^^^^^^^^^^^^^^^^^^^^^^^^^^^^^^^
_ _ _ _ _ _ _ _ _ _ _ _ _ _ _ _ _ _ _ _ _ _ _ _ _ _ _ _ _ _ _ _ _ _ _ _ _ _ _ _ 

host = 'api.dev-cinescope.coconutqa.rumovies', port = 443
family = <AddressFamily.AF_UNSPEC: 0>, type = <SocketKind.SOCK_STREAM: 1>
proto = 0, flags = 0

    def getaddrinfo(host, port, family=0, type=0, proto=0, flags=0):
        """Resolve host and port into list of address info entries.
    
        Translate the host/port argument into a sequence of 5-tuples that contain
        all the necessary arguments for creating a socket connected to that service.
        host is a domain name, a string representation of an IPv4/v6 address or
        None. port is a string service name such as 'http', a numeric port number or
        None. By passing None as the value of host and port, you can pass NULL to
        the underlying C API.
    
        The family, type and proto arguments can be optionally specified in order to
        narrow the list of addresses returned. Passing zero as a value for each of
        these arguments selects the full range of results.
        """
        # We override this function since we want to translate the numeric family
        # and socket type values to enum constants.
        addrlist = []
>       for res in _socket.getaddrinfo(host, port, family, type, proto, flags):
                   ^^^^^^^^^^^^^^^^^^^^^^^^^^^^^^^^^^^^^^^^^^^^^^^^^^^^^^^^^^^
E       socket.gaierror: [Errno 8] nodename nor servname provided, or not known

/Library/Frameworks/Python.framework/Versions/3.14/lib/python3.14/socket.py:983: gaierror

The above exception was the direct cause of the following exception:

self = <urllib3.connectionpool.HTTPSConnectionPool object at 0x10ec211d0>
method = 'GET', url = '/?published=False', body = None
headers = {'User-Agent': 'python-requests/2.33.1', 'Accept-Encoding': 'gzip, deflate, zstd', 'Accept': 'application/json', 'Conn...JTiJdLCJ2ZXJpZmllZCI6dHJ1ZSwiaWF0IjoxNzgwNzQzMjQ1LCJleHAiOjE3ODA3NDUwNDV9.qog6lqFhpacrqA6yoCHfrvtRVbUmBv8czcVLhNBqMsY'}
retries = Retry(total=0, connect=None, read=False, redirect=None, status=None)
redirect = False, assert_same_host = False
timeout = Timeout(connect=None, read=None, total=None), pool_timeout = None
release_conn = False, chunked = False, body_pos = None, preload_content = False
decode_content = False, response_kw = {}
parsed_url = Url(scheme=None, auth=None, host=None, port=None, path='/', query='published=False', fragment=None)
destination_scheme = None, conn = None, release_this_conn = True
http_tunnel_required = False, err = None, clean_exit = False

    def urlopen(  # type: ignore[override]
        self,
        method: str,
        url: str,
        body: _TYPE_BODY | None = None,
        headers: typing.Mapping[str, str] | None = None,
        retries: Retry | bool | int | None = None,
        redirect: bool = True,
        assert_same_host: bool = True,
        timeout: _TYPE_TIMEOUT = _DEFAULT_TIMEOUT,
        pool_timeout: int | None = None,
        release_conn: bool | None = None,
        chunked: bool = False,
        body_pos: _TYPE_BODY_POSITION | None = None,
        preload_content: bool = True,
        decode_content: bool = True,
        **response_kw: typing.Any,
    ) -> BaseHTTPResponse:
        """
        Get a connection from the pool and perform an HTTP request. This is the
        lowest level call for making a request, so you'll need to specify all
        the raw details.
    
        .. note::
    
           More commonly, it's appropriate to use a convenience method
           such as :meth:`request`.
    
        .. note::
    
           `release_conn` will only behave as expected if
           `preload_content=False` because we want to make
           `preload_content=False` the default behaviour someday soon without
           breaking backwards compatibility.
    
        :param method:
            HTTP request method (such as GET, POST, PUT, etc.)
    
        :param url:
            The URL to perform the request on.
    
        :param body:
            Data to send in the request body, either :class:`str`, :class:`bytes`,
            an iterable of :class:`str`/:class:`bytes`, or a file-like object.
    
        :param headers:
            Dictionary of custom headers to send, such as User-Agent,
            If-None-Match, etc. If None, pool headers are used. If provided,
            these headers completely replace any pool-specific headers.
    
        :param retries:
            Configure the number of retries to allow before raising a
            :class:`~urllib3.exceptions.MaxRetryError` exception.
    
            If ``None`` (default) will retry 3 times, see ``Retry.DEFAULT``. Pass a
            :class:`~urllib3.util.retry.Retry` object for fine-grained control
            over different types of retries.
            Pass an integer number to retry connection errors that many times,
            but no other types of errors. Pass zero to never retry.
    
            If ``False``, then retries are disabled and any exception is raised
            immediately. Also, instead of raising a MaxRetryError on redirects,
            the redirect response will be returned.
    
        :type retries: :class:`~urllib3.util.retry.Retry`, False, or an int.
    
        :param redirect:
            If True, automatically handle redirects (status codes 301, 302,
            303, 307, 308). Each redirect counts as a retry. Disabling retries
            will disable redirect, too.
    
        :param assert_same_host:
            If ``True``, will make sure that the host of the pool requests is
            consistent else will raise HostChangedError. When ``False``, you can
            use the pool on an HTTP proxy and request foreign hosts.
    
        :param timeout:
            If specified, overrides the default timeout for this one
            request. It may be a float (in seconds) or an instance of
            :class:`urllib3.util.Timeout`.
    
        :param pool_timeout:
            If set and the pool is set to block=True, then this method will
            block for ``pool_timeout`` seconds and raise EmptyPoolError if no
            connection is available within the time period.
    
        :param bool preload_content:
            If True, the response's body will be preloaded into memory.
    
        :param bool decode_content:
            If True, will attempt to decode the body based on the
            'content-encoding' header.
    
        :param release_conn:
            If False, then the urlopen call will not release the connection
            back into the pool once a response is received (but will release if
            you read the entire contents of the response such as when
            `preload_content=True`). This is useful if you're not preloading
            the response's content immediately. You will need to call
            ``r.release_conn()`` on the response ``r`` to return the connection
            back into the pool. If None, it takes the value of ``preload_content``
            which defaults to ``True``.
    
        :param bool chunked:
            If True, urllib3 will send the body using chunked transfer
            encoding. Otherwise, urllib3 will send the body using the standard
            content-length form. Defaults to False.
    
        :param int body_pos:
            Position to seek to in file-like body in the event of a retry or
            redirect. Typically this won't need to be set because urllib3 will
            auto-populate the value when needed.
        """
        parsed_url = parse_url(url)
        destination_scheme = parsed_url.scheme
    
        if headers is None:
            headers = self.headers
    
        if not isinstance(retries, Retry):
            retries = Retry.from_int(retries, redirect=redirect, default=self.retries)
    
        if release_conn is None:
            release_conn = preload_content
    
        # Check host
        if assert_same_host and not self.is_same_host(url):
            raise HostChangedError(self, url, retries)
    
        # Ensure that the URL we're connecting to is properly encoded
        if url.startswith("/"):
            url = to_str(_encode_target(url))
        else:
            url = to_str(parsed_url.url)
    
        conn = None
    
        # Track whether `conn` needs to be released before
        # returning/raising/recursing. Update this variable if necessary, and
        # leave `release_conn` constant throughout the function. That way, if
        # the function recurses, the original value of `release_conn` will be
        # passed down into the recursive call, and its value will be respected.
        #
        # See issue #651 [1] for details.
        #
        # [1] <https://github.com/urllib3/urllib3/issues/651>
        release_this_conn = release_conn
    
        http_tunnel_required = connection_requires_http_tunnel(
            self.proxy, self.proxy_config, destination_scheme
        )
    
        # Merge the proxy headers. Only done when not using HTTP CONNECT. We
        # have to copy the headers dict so we can safely change it without those
        # changes being reflected in anyone else's copy.
        if not http_tunnel_required:
            headers = headers.copy()  # type: ignore[attr-defined]
            headers.update(self.proxy_headers)  # type: ignore[union-attr]
    
        # Must keep the exception bound to a separate variable or else Python 3
        # complains about UnboundLocalError.
        err = None
    
        # Keep track of whether we cleanly exited the except block. This
        # ensures we do proper cleanup in finally.
        clean_exit = False
    
        # Rewind body position, if needed. Record current position
        # for future rewinds in the event of a redirect/retry.
        body_pos = set_file_position(body, body_pos)
    
        try:
            # Request a connection from the queue.
            timeout_obj = self._get_timeout(timeout)
            conn = self._get_conn(timeout=pool_timeout)
    
            conn.timeout = timeout_obj.connect_timeout  # type: ignore[assignment]
    
            # Is this a closed/new connection that requires CONNECT tunnelling?
            if self.proxy is not None and http_tunnel_required and conn.is_closed:
                try:
                    self._prepare_proxy(conn)
                except (BaseSSLError, OSError, SocketTimeout) as e:
                    self._raise_timeout(
                        err=e, url=self.proxy.url, timeout_value=conn.timeout
                    )
                    raise
    
            # If we're going to release the connection in ``finally:``, then
            # the response doesn't need to know about the connection. Otherwise
            # it will also try to release it and we'll have a double-release
            # mess.
            response_conn = conn if not release_conn else None
    
            # Make the request on the HTTPConnection object
>           response = self._make_request(
                conn,
                method,
                url,
                timeout=timeout_obj,
                body=body,
                headers=headers,
                chunked=chunked,
                retries=retries,
                response_conn=response_conn,
                preload_content=preload_content,
                decode_content=decode_content,
                **response_kw,
            )

.venv/lib/python3.14/site-packages/urllib3/connectionpool.py:787: 
_ _ _ _ _ _ _ _ _ _ _ _ _ _ _ _ _ _ _ _ _ _ _ _ _ _ _ _ _ _ _ _ _ _ _ _ _ _ _ _ 
.venv/lib/python3.14/site-packages/urllib3/connectionpool.py:488: in _make_request
    raise new_e
.venv/lib/python3.14/site-packages/urllib3/connectionpool.py:464: in _make_request
    self._validate_conn(conn)
.venv/lib/python3.14/site-packages/urllib3/connectionpool.py:1093: in _validate_conn
    conn.connect()
.venv/lib/python3.14/site-packages/urllib3/connection.py:759: in connect
    self.sock = sock = self._new_conn()
                       ^^^^^^^^^^^^^^^^
_ _ _ _ _ _ _ _ _ _ _ _ _ _ _ _ _ _ _ _ _ _ _ _ _ _ _ _ _ _ _ _ _ _ _ _ _ _ _ _ 

self = <HTTPSConnection(host='api.dev-cinescope.coconutqa.rumovies', port=443) at 0x10ec225d0>

    def _new_conn(self) -> socket.socket:
        """Establish a socket connection and set nodelay settings on it.
    
        :return: New socket connection.
        """
        try:
            sock = connection.create_connection(
                (self._dns_host, self.port),
                self.timeout,
                source_address=self.source_address,
                socket_options=self.socket_options,
            )
        except socket.gaierror as e:
>           raise NameResolutionError(self.host, self, e) from e
E           urllib3.exceptions.NameResolutionError: HTTPSConnection(host='api.dev-cinescope.coconutqa.rumovies', port=443): Failed to resolve 'api.dev-cinescope.coconutqa.rumovies' ([Errno 8] nodename nor servname provided, or not known)

.venv/lib/python3.14/site-packages/urllib3/connection.py:211: NameResolutionError

The above exception was the direct cause of the following exception:

self = <requests.adapters.HTTPAdapter object at 0x10e6fcd70>
request = <PreparedRequest [GET]>, stream = False
timeout = Timeout(connect=None, read=None, total=None), verify = True
cert = None, proxies = OrderedDict()

    def send(
        self, request, stream=False, timeout=None, verify=True, cert=None, proxies=None
    ):
        """Sends PreparedRequest object. Returns Response object.
    
        :param request: The :class:`PreparedRequest <PreparedRequest>` being sent.
        :param stream: (optional) Whether to stream the request content.
        :param timeout: (optional) How long to wait for the server to send
            data before giving up, as a float, or a :ref:`(connect timeout,
            read timeout) <timeouts>` tuple.
        :type timeout: float or tuple or urllib3 Timeout object
        :param verify: (optional) Either a boolean, in which case it controls whether
            we verify the server's TLS certificate, or a string, in which case it
            must be a path to a CA bundle to use
        :param cert: (optional) Any user-provided SSL certificate to be trusted.
        :param proxies: (optional) The proxies dictionary to apply to the request.
        :rtype: requests.Response
        """
    
        try:
            conn = self.get_connection_with_tls_context(
                request, verify, proxies=proxies, cert=cert
            )
        except LocationValueError as e:
            raise InvalidURL(e, request=request)
    
        self.cert_verify(conn, request.url, verify, cert)
        url = self.request_url(request, proxies)
        self.add_headers(
            request,
            stream=stream,
            timeout=timeout,
            verify=verify,
            cert=cert,
            proxies=proxies,
        )
    
        chunked = not (request.body is None or "Content-Length" in request.headers)
    
        if isinstance(timeout, tuple):
            try:
                connect, read = timeout
                timeout = TimeoutSauce(connect=connect, read=read)
            except ValueError:
                raise ValueError(
                    f"Invalid timeout {timeout}. Pass a (connect, read) timeout tuple, "
                    f"or a single float to set both timeouts to the same value."
                )
        elif isinstance(timeout, TimeoutSauce):
            pass
        else:
            timeout = TimeoutSauce(connect=timeout, read=timeout)
    
        try:
>           resp = conn.urlopen(
                method=request.method,
                url=url,
                body=request.body,
                headers=request.headers,
                redirect=False,
                assert_same_host=False,
                preload_content=False,
                decode_content=False,
                retries=self.max_retries,
                timeout=timeout,
                chunked=chunked,
            )

.venv/lib/python3.14/site-packages/requests/adapters.py:645: 
_ _ _ _ _ _ _ _ _ _ _ _ _ _ _ _ _ _ _ _ _ _ _ _ _ _ _ _ _ _ _ _ _ _ _ _ _ _ _ _ 
.venv/lib/python3.14/site-packages/urllib3/connectionpool.py:841: in urlopen
    retries = retries.increment(
_ _ _ _ _ _ _ _ _ _ _ _ _ _ _ _ _ _ _ _ _ _ _ _ _ _ _ _ _ _ _ _ _ _ _ _ _ _ _ _ 

self = Retry(total=0, connect=None, read=False, redirect=None, status=None)
method = 'GET', url = '/?published=False', response = None
error = NameResolutionError("HTTPSConnection(host='api.dev-cinescope.coconutqa.rumovies', port=443): Failed to resolve 'api.dev-cinescope.coconutqa.rumovies' ([Errno 8] nodename nor servname provided, or not known)")
_pool = <urllib3.connectionpool.HTTPSConnectionPool object at 0x10ec211d0>
_stacktrace = <traceback object at 0x10f18dc40>

    def increment(
        self,
        method: str | None = None,
        url: str | None = None,
        response: BaseHTTPResponse | None = None,
        error: Exception | None = None,
        _pool: ConnectionPool | None = None,
        _stacktrace: TracebackType | None = None,
    ) -> Self:
        """Return a new Retry object with incremented retry counters.
    
        :param response: A response object, or None, if the server did not
            return a response.
        :type response: :class:`~urllib3.response.BaseHTTPResponse`
        :param Exception error: An error encountered during the request, or
            None if the response was received successfully.
    
        :return: A new ``Retry`` object.
        """
        if self.total is False and error:
            # Disabled, indicate to re-raise the error.
            raise reraise(type(error), error, _stacktrace)
    
        total = self.total
        if total is not None:
            total -= 1
    
        connect = self.connect
        read = self.read
        redirect = self.redirect
        status_count = self.status
        other = self.other
        cause = "unknown"
        status = None
        redirect_location = None
    
        if error and self._is_connection_error(error):
            # Connect retry?
            if connect is False:
                raise reraise(type(error), error, _stacktrace)
            elif connect is not None:
                connect -= 1
    
        elif error and self._is_read_error(error):
            # Read retry?
            if read is False or method is None or not self._is_method_retryable(method):
                raise reraise(type(error), error, _stacktrace)
            elif read is not None:
                read -= 1
    
        elif error:
            # Other retry?
            if other is not None:
                other -= 1
    
        elif response and response.get_redirect_location():
            # Redirect retry?
            if redirect is not None:
                redirect -= 1
            cause = "too many redirects"
            response_redirect_location = response.get_redirect_location()
            if response_redirect_location:
                redirect_location = response_redirect_location
            status = response.status
    
        else:
            # Incrementing because of a server error like a 500 in
            # status_forcelist and the given method is in the allowed_methods
            cause = ResponseError.GENERIC_ERROR
            if response and response.status:
                if status_count is not None:
                    status_count -= 1
                cause = ResponseError.SPECIFIC_ERROR.format(status_code=response.status)
                status = response.status
    
        history = self.history + (
            RequestHistory(method, url, error, status, redirect_location),
        )
    
        new_retry = self.new(
            total=total,
            connect=connect,
            read=read,
            redirect=redirect,
            status=status_count,
            other=other,
            history=history,
        )
    
        if new_retry.is_exhausted():
            reason = error or ResponseError(cause)
>           raise MaxRetryError(_pool, url, reason) from reason  # type: ignore[arg-type]
            ^^^^^^^^^^^^^^^^^^^^^^^^^^^^^^^^^^^^^^^^^^^^^^^^^^^
E           urllib3.exceptions.MaxRetryError: HTTPSConnectionPool(host='api.dev-cinescope.coconutqa.rumovies', port=443): Max retries exceeded with url: /?published=False (Caused by NameResolutionError("HTTPSConnection(host='api.dev-cinescope.coconutqa.rumovies', port=443): Failed to resolve 'api.dev-cinescope.coconutqa.rumovies' ([Errno 8] nodename nor servname provided, or not known)"))

.venv/lib/python3.14/site-packages/urllib3/util/retry.py:535: MaxRetryError

During handling of the above exception, another exception occurred:

self = <tests.api.test_movies.TestMovies object at 0x10e693950>
api_manager = <clients.api_manager.ApiManager object at 0x10e6fc6e0>
param_name = 'published', param_value = False

    @allure.title("GET /movies с фильтром {param_name}={param_value}")
    @allure.severity(allure.severity_level.NORMAL)
    @pytest.mark.regression
    @pytest.mark.parametrize("param_name,param_value", [
        ("page", 1),
        ("pageSize", 5),
        ("pageSize", 10),
        ("published", True),
        ("published", False),
    ], ids=[
        "page=1",
        "pageSize=5",
        "pageSize=10",
        "published=true",
        "published=false",
    ])
    def test_get_movies_with_filter(self, api_manager, param_name, param_value):
        with allure.step(f"Отправить GET /movies?{param_name}={param_value}"):
>           response = api_manager.movies_api.get_movies(
                params={param_name: param_value}
            )

tests/api/test_movies.py:105: 
_ _ _ _ _ _ _ _ _ _ _ _ _ _ _ _ _ _ _ _ _ _ _ _ _ _ _ _ _ _ _ _ _ _ _ _ _ _ _ _ 
clients/movies_api.py:11: in get_movies
    return self.send_request("GET", "movies", params=params)
           ^^^^^^^^^^^^^^^^^^^^^^^^^^^^^^^^^^^^^^^^^^^^^^^^^
clients/custom_requester.py:24: in send_request
    response = self.session.request(method, url, json=data, params=params)
               ^^^^^^^^^^^^^^^^^^^^^^^^^^^^^^^^^^^^^^^^^^^^^^^^^^^^^^^^^^^
.venv/lib/python3.14/site-packages/requests/sessions.py:592: in request
    resp = self.send(prep, **send_kwargs)
           ^^^^^^^^^^^^^^^^^^^^^^^^^^^^^^
.venv/lib/python3.14/site-packages/requests/sessions.py:706: in send
    r = adapter.send(request, **kwargs)
        ^^^^^^^^^^^^^^^^^^^^^^^^^^^^^^^
_ _ _ _ _ _ _ _ _ _ _ _ _ _ _ _ _ _ _ _ _ _ _ _ _ _ _ _ _ _ _ _ _ _ _ _ _ _ _ _ 

self = <requests.adapters.HTTPAdapter object at 0x10e6fcd70>
request = <PreparedRequest [GET]>, stream = False
timeout = Timeout(connect=None, read=None, total=None), verify = True
cert = None, proxies = OrderedDict()

    def send(
        self, request, stream=False, timeout=None, verify=True, cert=None, proxies=None
    ):
        """Sends PreparedRequest object. Returns Response object.
    
        :param request: The :class:`PreparedRequest <PreparedRequest>` being sent.
        :param stream: (optional) Whether to stream the request content.
        :param timeout: (optional) How long to wait for the server to send
            data before giving up, as a float, or a :ref:`(connect timeout,
            read timeout) <timeouts>` tuple.
        :type timeout: float or tuple or urllib3 Timeout object
        :param verify: (optional) Either a boolean, in which case it controls whether
            we verify the server's TLS certificate, or a string, in which case it
            must be a path to a CA bundle to use
        :param cert: (optional) Any user-provided SSL certificate to be trusted.
        :param proxies: (optional) The proxies dictionary to apply to the request.
        :rtype: requests.Response
        """
    
        try:
            conn = self.get_connection_with_tls_context(
                request, verify, proxies=proxies, cert=cert
            )
        except LocationValueError as e:
            raise InvalidURL(e, request=request)
    
        self.cert_verify(conn, request.url, verify, cert)
        url = self.request_url(request, proxies)
        self.add_headers(
            request,
            stream=stream,
            timeout=timeout,
            verify=verify,
            cert=cert,
            proxies=proxies,
        )
    
        chunked = not (request.body is None or "Content-Length" in request.headers)
    
        if isinstance(timeout, tuple):
            try:
                connect, read = timeout
                timeout = TimeoutSauce(connect=connect, read=read)
            except ValueError:
                raise ValueError(
                    f"Invalid timeout {timeout}. Pass a (connect, read) timeout tuple, "
                    f"or a single float to set both timeouts to the same value."
                )
        elif isinstance(timeout, TimeoutSauce):
            pass
        else:
            timeout = TimeoutSauce(connect=timeout, read=timeout)
    
        try:
            resp = conn.urlopen(
                method=request.method,
                url=url,
                body=request.body,
                headers=request.headers,
                redirect=False,
                assert_same_host=False,
                preload_content=False,
                decode_content=False,
                retries=self.max_retries,
                timeout=timeout,
                chunked=chunked,
            )
    
        except (ProtocolError, OSError) as err:
            raise ConnectionError(err, request=request)
    
        except MaxRetryError as e:
            if isinstance(e.reason, ConnectTimeoutError):
                # TODO: Remove this in 3.0.0: see #2811
                if not isinstance(e.reason, NewConnectionError):
                    raise ConnectTimeout(e, request=request)
    
            if isinstance(e.reason, ResponseError):
                raise RetryError(e, request=request)
    
            if isinstance(e.reason, _ProxyError):
                raise ProxyError(e, request=request)
    
            if isinstance(e.reason, _SSLError):
                # This branch is for urllib3 v1.22 and later.
                raise SSLError(e, request=request)
    
>           raise ConnectionError(e, request=request)
E           requests.exceptions.ConnectionError: HTTPSConnectionPool(host='api.dev-cinescope.coconutqa.rumovies', port=443): Max retries exceeded with url: /?published=False (Caused by NameResolutionError("HTTPSConnection(host='api.dev-cinescope.coconutqa.rumovies', port=443): Failed to resolve 'api.dev-cinescope.coconutqa.rumovies' ([Errno 8] nodename nor servname provided, or not known)"))

.venv/lib/python3.14/site-packages/requests/adapters.py:678: ConnectionError
____________________ TestMovies.test_create_movie_check_db _____________________

self = <tests.api.test_movies.TestMovies object at 0x10e6f05f0>
api_manager = <clients.api_manager.ApiManager object at 0x10e6fc6e0>
db_session = <sqlalchemy.orm.session.Session object at 0x10e6ff230>

    @allure.title("POST /movies — проверка записи в БД после создания и удаления")
    @allure.severity(allure.severity_level.CRITICAL)
    @pytest.mark.regression
    @pytest.mark.db
    def test_create_movie_check_db(self, api_manager, db_session):
        movie_data = DataGenerator.generate_movie_data()
    
        with allure.step("Убедиться что фильма ещё нет в БД"):
            existing = db_session.query(MovieDBModel).filter(
                MovieDBModel.name == movie_data["name"]
            ).first()
            assert existing is None, \
                f"Фильм '{movie_data['name']}' уже существует в БД до создания"
    
        with allure.step("Создать фильм через API"):
>           response = api_manager.movies_api.create_movie(movie_data)
                       ^^^^^^^^^^^^^^^^^^^^^^^^^^^^^^^^^^^^^^^^^^^^^^^

tests/api/test_movies.py:141: 
_ _ _ _ _ _ _ _ _ _ _ _ _ _ _ _ _ _ _ _ _ _ _ _ _ _ _ _ _ _ _ _ _ _ _ _ _ _ _ _ 
clients/movies_api.py:14: in create_movie
    return self.send_request(
_ _ _ _ _ _ _ _ _ _ _ _ _ _ _ _ _ _ _ _ _ _ _ _ _ _ _ _ _ _ _ _ _ _ _ _ _ _ _ _ 

self = <clients.movies_api.MoviesAPI object at 0x10e6fd010>, method = 'POST'
endpoint = '/movies'
data = {'description': 'Discover great writer that.', 'genreId': '1', 'location': 'New Taylorfurt', 'name': 'Test Movie npcrbafm', ...}
params = None, expected_status = 201, need_logging = True

    def send_request(
        self, method, endpoint, data=None,
        params=None, expected_status=200, need_logging=True
    ):
        url = f"{self.base_url}{endpoint}"
        response = self.session.request(method, url, json=data, params=params)
    
        if need_logging:
            self.log_request_and_response(response)
    
        if response.status_code != expected_status:
>           raise ValueError(
                f"Unexpected status code: {response.status_code}. "
                f"Expected: {expected_status}. "
                f"Response: {response.text}"
            )
E           ValueError: Unexpected status code: 400. Expected: 201. Response: {"message":["Поле location должно быть одним из: MSK, SPB","Поле genreId должно быть больше 0","Поле genreId должно быть целым числом","Поле genreId должно быть числом"],"error":"Bad Request","statusCode":400}

clients/custom_requester.py:30: ValueError
------------------------------ Captured log call -------------------------------
2026-06-06 14:54:09 INFO 
======================================== REQUEST ========================================
2026-06-06 14:54:09 INFO [32mpytest tests/api/test_movies.py::TestMovies::test_create_movie_check_db[0m
curl -X POST 'https://api.dev-cinescope.coconutqa.ru/movies' \
-H 'User-Agent: python-requests/2.33.1' \
-H 'Accept-Encoding: gzip, deflate, zstd' \
-H 'Accept: application/json' \
-H 'Connection: keep-alive' \
-H 'Content-Type: application/json' \
-H 'Authorization: Bearer eyJhbGciOiJIUzI1NiIsInR5cCI6IkpXVCJ9.eyJpZCI6IjczNDk2NGVjLTRkNmEtNDc4OS04MzlmLTc1Nzk3MTQxZTczZSIsImVtYWlsIjoiYXBpMUBnbWFpbC5jb20iLCJyb2xlcyI6WyJVU0VSIiwiQURNSU4iLCJTVVBFUl9BRE1JTiJdLCJ2ZXJpZmllZCI6dHJ1ZSwiaWF0IjoxNzgwNzQzMjQ1LCJleHAiOjE3ODA3NDUwNDV9.qog6lqFhpacrqA6yoCHfrvtRVbUmBv8czcVLhNBqMsY' \
-H 'Content-Length: 159' \
-d '{"name": "Test Movie npcrbafm", "price": 259.41, "description": "Discover great writer that.", "location": "New Taylorfurt", "published": true, "genreId": "1"}' 

2026-06-06 14:54:09 INFO 
======================================== RESPONSE ========================================
2026-06-06 14:54:09 INFO 	STATUS_CODE: [31m400[0m
	DATA: [31m{
    "message": [
        "Поле location должно быть одним из: MSK, SPB",
        "Поле genreId должно быть больше 0",
        "Поле genreId должно быть целым числом",
        "Поле genreId должно быть числом"
    ],
    "error": "Bad Request",
    "statusCode": 400
}[0m
2026-06-06 14:54:09 INFO ================================================================================
=============================== warnings summary ===============================
models/movies_model.py:5
  /Users/giorgivashakidze/PycharmProjects/PythonProject2/models/movies_model.py:5: PydanticDeprecatedSince20: Support for class-based `config` is deprecated, use ConfigDict instead. Deprecated in Pydantic V2.0 to be removed in V3.0. See Pydantic V2 Migration Guide at https://errors.pydantic.dev/2.13/migration/
    class GenreModel(BaseModel):

models/movies_model.py:13
  /Users/giorgivashakidze/PycharmProjects/PythonProject2/models/movies_model.py:13: PydanticDeprecatedSince20: Support for class-based `config` is deprecated, use ConfigDict instead. Deprecated in Pydantic V2.0 to be removed in V3.0. See Pydantic V2 Migration Guide at https://errors.pydantic.dev/2.13/migration/
    class MovieModel(BaseModel):

models/movies_model.py:30
  /Users/giorgivashakidze/PycharmProjects/PythonProject2/models/movies_model.py:30: PydanticDeprecatedSince20: Support for class-based `config` is deprecated, use ConfigDict instead. Deprecated in Pydantic V2.0 to be removed in V3.0. See Pydantic V2 Migration Guide at https://errors.pydantic.dev/2.13/migration/
    class FindAllMoviesResponse(BaseModel):

-- Docs: https://docs.pytest.org/en/stable/how-to/capture-warnings.html
- Generated html report: file:///Users/giorgivashakidze/PycharmProjects/PythonProject2/report.html -
=========================== short test summary info ============================
FAILED tests/api/test_movies.py::TestMovies::test_get_movies - requests.excep...
FAILED tests/api/test_movies.py::TestMovies::test_delete_movie - ValueError: ...
FAILED tests/api/test_movies.py::TestMovies::test_get_movies_with_filter[page=1]
FAILED tests/api/test_movies.py::TestMovies::test_get_movies_with_filter[pageSize=5]
FAILED tests/api/test_movies.py::TestMovies::test_get_movies_with_filter[pageSize=10]
FAILED tests/api/test_movies.py::TestMovies::test_get_movies_with_filter[published=true]
FAILED tests/api/test_movies.py::TestMovies::test_get_movies_with_filter[published=false]
FAILED tests/api/test_movies.py::TestMovies::test_create_movie_check_db - Val...
ERROR tests/api/test_movies.py::TestMovies::test_create_movie - ValueError: U...
ERROR tests/api/test_movies.py::TestMovies::test_update_movie - ValueError: U...
=================== 8 failed, 3 warnings, 2 errors in 3.99s ====================
